{
  "terminal_step_from_matching_predecessor_report": 6760,
  "actual_completed_conditions": 15,
  "unique_base_episodes": 160,
  "observations": 480,
  "max_wrapper_error": 0.0,
  "mps_and_primary_results_seconds": 73.106151959,
  "report_finished_unix": 1790336338.5876548,
  "total_elapsed_including_report_seconds": 242.6214919090271,
  "within_original_cap": true,
  "checkpoint_hash_reverified": true
}
[
  {
    "task": "orientation_cued",
    "condition": "native_D0",
    "stratum": "target_location",
    "value": 0,
    "n": 8,
    "accuracy": 0.5,
    "prediction_counts": [
      2,
      6
    ]
  },
  {
    "task": "orientation_cued",
    "condition": "native_D0",
    "stratum": "target_location",
    "value": 1,
    "n": 8,
    "accuracy": 0.375,
    "prediction_counts": [
      3,
      5
    ]
  },
  {
    "task": "orientation_cued",
    "condition": "native_D0",
    "stratum": "target_location",
    "value": 2,
    "n": 8,
    "accuracy": 0.625,
    "prediction_counts": [
      7,
      1
    ]
  },
  {
    "task": "orientation_cued",
    "condition": "native_D0",
    "stratum": "target_location",
    "value": 3,
    "n": 8,
    "accuracy": 0.5,
    "prediction_counts": [
      0,
      8
    ]
  },
  {
    "task": "orientation_cued",
    "condition": "native_D0",
    "stratum": "cue_sign",
    "value": -1,
    "n": 16,
    "accuracy": 0.5625,
    "prediction_counts": [
      7,
      9
    ]
  },
  {
    "task": "orientation_cued",
    "condition": "native_D0",
    "stratum": "cue_sign",
    "value": 1,
    "n": 16,
    "accuracy": 0.4375,
    "prediction_counts": [
      5,
      11
    ]
  },
  {
    "task": "orientation_cued",
    "condition": "native_D24",
    "stratum": "target_location",
    "value": 0,
    "n": 8,
    "accuracy": 0.5,
    "prediction_counts": [
      0,
      8
    ]
  },
  {
    "task": "orientation_cued",
    "condition": "native_D24",
    "stratum": "target_location",
    "value": 1,
    "n": 8,
    "accuracy": 0.5,
    "prediction_counts": [
      0,
      8
    ]
  },
  {
    "task": "orientation_cued",
    "condition": "native_D24",
    "stratum": "target_location",
    "value": 2,
    "n": 8,
    "accuracy": 0.5,
    "prediction_counts": [
      0,
      8
    ]
  },
  {
    "task": "orientation_cued",
    "condition": "native_D24",
    "stratum": "target_location",
    "value": 3,
    "n": 8,
    "accuracy": 0.5,
    "prediction_counts": [
      0,
      8
    ]
  },
  {
    "task": "orientation_cued",
    "condition": "native_D24",
    "stratum": "cue_sign",
    "value": -1,
    "n": 16,
    "accuracy": 0.5,
    "prediction_counts": [
      0,
      16
    ]
  },
  {
    "task": "orientation_cued",
    "condition": "native_D24",
    "stratum": "cue_sign",
    "value": 1,
    "n": 16,
    "accuracy": 0.5,
    "prediction_counts": [
      0,
      16
    ]
  },
  {
    "task": "spatial_binding",
    "condition": "native_D0",
    "stratum": "target_location",
    "value": 0,
    "n": 8,
    "accuracy": 0.5,
    "prediction_counts": [
      0,
      8
    ]
  },
  {
    "task": "spatial_binding",
    "condition": "native_D0",
    "stratum": "target_location",
    "value": 1,
    "n": 8,
    "accuracy": 0.625,
    "prediction_counts": [
      5,
      3
    ]
  },
  {
    "task": "spatial_binding",
    "condition": "native_D0",
    "stratum": "target_location",
    "value": 2,
    "n": 8,
    "accuracy": 0.625,
    "prediction_counts": [
      5,
      3
    ]
  },
  {
    "task": "spatial_binding",
    "condition": "native_D0",
    "stratum": "target_location",
    "value": 3,
    "n": 8,
    "accuracy": 0.125,
    "prediction_counts": [
      5,
      3
    ]
  },
  {
    "task": "spatial_binding",
    "condition": "native_D24",
    "stratum": "target_location",
    "value": 0,
    "n": 8,
    "accuracy": 0.5,
    "prediction_counts": [
      0,
      8
    ]
  },
  {
    "task": "spatial_binding",
    "condition": "native_D24",
    "stratum": "target_location",
    "value": 1,
    "n": 8,
    "accuracy": 0.5,
    "prediction_counts": [
      8,
      0
    ]
  },
  {
    "task": "spatial_binding",
    "condition": "native_D24",
    "stratum": "target_location",
    "value": 2,
    "n": 8,
    "accuracy": 0.5,
    "prediction_counts": [
      8,
      0
    ]
  },
  {
    "task": "spatial_binding",
    "condition": "native_D24",
    "stratum": "target_location",
    "value": 3,
    "n": 8,
    "accuracy": 0.5,
    "prediction_counts": [
      0,
      8
    ]
  },
  {
    "task": "motion_duration_cued",
    "condition": "native_D0",
    "stratum": "target_location",
    "value": 0,
    "n": 8,
    "accuracy": 0.25,
    "prediction_counts": [
      0,
      0,
      8,
      0
    ]
  },
  {
    "task": "motion_duration_cued",
    "condition": "native_D0",
    "stratum": "target_location",
    "value": 1,
    "n": 8,
    "accuracy": 0.25,
    "prediction_counts": [
      0,
      8,
      0,
      0
    ]
  },
  {
    "task": "motion_duration_cued",
    "condition": "native_D0",
    "stratum": "target_location",
    "value": 2,
    "n": 8,
    "accuracy": 0.25,
    "prediction_counts": [
      0,
      8,
      0,
      0
    ]
  },
  {
    "task": "motion_duration_cued",
    "condition": "native_D0",
    "stratum": "target_location",
    "value": 3,
    "n": 8,
    "accuracy": 0.25,
    "prediction_counts": [
      0,
      0,
      8,
      0
    ]
  },
  {
    "task": "motion_duration_cued",
    "condition": "native_D24",
    "stratum": "target_location",
    "value": 0,
    "n": 8,
    "accuracy": 0.25,
    "prediction_counts": [
      0,
      8,
      0,
      0
    ]
  },
  {
    "task": "motion_duration_cued",
    "condition": "native_D24",
    "stratum": "target_location",
    "value": 1,
    "n": 8,
    "accuracy": 0.25,
    "prediction_counts": [
      0,
      8,
      0,
      0
    ]
  },
  {
    "task": "motion_duration_cued",
    "condition": "native_D24",
    "stratum": "target_location",
    "value": 2,
    "n": 8,
    "accuracy": 0.25,
    "prediction_counts": [
      0,
      8,
      0,
      0
    ]
  },
  {
    "task": "motion_duration_cued",
    "condition": "native_D24",
    "stratum": "target_location",
    "value": 3,
    "n": 8,
    "accuracy": 0.25,
    "prediction_counts": [
      0,
      8,
      0,
      0
    ]
  }
]
[
  {
    "task": "orientation_cued",
    "condition": "cue_retarget_D0",
    "n_changed": 32,
    "mean": 0.038448508945293725,
    "bootstrap95": [
      -0.08610802980838343,
      0.15839819239918143
    ]
  },
  {
    "task": "orientation_cued",
    "condition": "cue_sign_flip_D0",
    "n_changed": 29,
    "mean": -0.0009321060417027309,
    "bootstrap95": [
      -0.042072903910844485,
      0.03921508052996521
    ]
  },
  {
    "task": "orientation_cued",
    "condition": "native_law_evidence_flip_D0",
    "n_changed": 29,
    "mean": 0.015780114408197075,
    "bootstrap95": [
      -0.008273789501781094,
      0.04026573950681708
    ]
  },
  {
    "task": "spatial_binding",
    "condition": "cue_retarget_D0",
    "n_changed": 32,
    "mean": -0.010457724798470736,
    "bootstrap95": [
      -0.05082580232992768,
      0.026965247510815974
    ]
  },
  {
    "task": "spatial_binding",
    "condition": "native_law_evidence_flip_D0",
    "n_changed": 32,
    "mean": 0.005832211580127478,
    "bootstrap95": [
      -0.012848276388831435,
      0.024082150234607982
    ]
  },
  {
    "task": "motion_duration_cued",
    "condition": "cue_retarget_D0",
    "n_changed": 31,
    "mean": -0.009479412448502356,
    "bootstrap95": [
      -0.07405795292297919,
      0.04989709418206927
    ]
  },
  {
    "task": "motion_duration_cued",
    "condition": "OOD_motion_time_reverse_D0",
    "n_changed": 32,
    "mean": 0.009938016126397997,
    "bootstrap95": [
      -0.01276597106916597,
      0.03174691385793267
    ]
  }
]
