{
  "files_hashed_and_verified": 773,
  "scored_rows": 14336,
  "figures": 34,
  "within_cap": true,
  "elapsed_seconds": 1438.101453781128,
  "relative_site_choice_flip_summary": [
    {
      "site": "cued",
      "conditions": 30,
      "conditions_with_any_choice_flip": 16
    },
    {
      "site": "foil",
      "conditions": 30,
      "conditions_with_any_choice_flip": 2
    },
    {
      "site": "background",
      "conditions": 30,
      "conditions_with_any_choice_flip": 0
    }
  ],
  "pulse": {
    "feature_direction_channel_rms": 0.9999999999999999,
    "random_direction_channel_rms": 1.0,
    "direction_dot_random": -6.661338147750939e-16,
    "max_achieved_local_rms_error": 1.4901161193847656e-08,
    "achieved_intervention_chunk_records": 912,
    "one_nonzero_update_per_pulse_verified": true
  }
}
