{
  "status": "complete_pinned_grid",
  "all_requested_comparisons_complete": false,
  "scored_rows": 14336,
  "counts": {
    "scored_presentations": 14336,
    "scored_frames": 208704,
    "calibration_presentations": 128,
    "map_presentations": 52,
    "profile_presentations": 16
  },
  "figure_count": 34,
  "map_datasets": 12,
  "model_immutable": true,
  "checkpoint_immutable": true,
  "prediction_replay_verified": true,
  "completed_within_cap": true,
  "start_unix": 1790690444.1326132,
  "deadline_unix": 1790694044.1326132,
  "completed_unix": 1790691866.3555489,
  "elapsed_seconds": 1422.2229368686676,
  "unmeasured": [
    "classical cue validity undefined",
    "reaction time undefined",
    "fully independent foil factorial",
    "allocation vs magnitude/matched cue",
    "binding random pulse control",
    "recognition supplemental omitted"
  ],
  "errors": []
}
