exposure_bundle.tar.gz: OK
Looking in indexes: https://pypi.org/simple, https://download.pytorch.org/whl/cu117
Collecting torch==1.13.1+cu117
  Downloading https://download-r2.pytorch.org/whl/cu117/torch-1.13.1%2Bcu117-cp310-cp310-linux_x86_64.whl (1801.8 MB)
     ━━━━━━━━━━━━━━━━━━━━━━━━━━━━━━━━━━━━━━━━ 1.8/1.8 GB 4.4 MB/s eta 0:00:00
Collecting typing-extensions
  Downloading typing_extensions-4.16.0-py3-none-any.whl (45 kB)
     ━━━━━━━━━━━━━━━━━━━━━━━━━━━━━━━━━━━━━━━━ 45.6/45.6 KB 1.7 MB/s eta 0:00:00
Installing collected packages: typing-extensions, torch
Successfully installed torch-1.13.1+cu117 typing-extensions-4.16.0
Collecting numpy==1.23.1
  Downloading numpy-1.23.1-cp310-cp310-manylinux_2_17_x86_64.manylinux2014_x86_64.whl (17.0 MB)
     ━━━━━━━━━━━━━━━━━━━━━━━━━━━━━━━━━━━━━━━━ 17.0/17.0 MB 30.9 MB/s eta 0:00:00
Collecting scipy==1.8.1
  Downloading scipy-1.8.1-cp310-cp310-manylinux_2_17_x86_64.manylinux2014_x86_64.whl (42.2 MB)
     ━━━━━━━━━━━━━━━━━━━━━━━━━━━━━━━━━━━━━━━━ 42.2/42.2 MB 23.4 MB/s eta 0:00:00
Collecting Pillow==9.1.1
  Downloading Pillow-9.1.1-cp310-cp310-manylinux_2_17_x86_64.manylinux2014_x86_64.whl (3.1 MB)
     ━━━━━━━━━━━━━━━━━━━━━━━━━━━━━━━━━━━━━━━━ 3.1/3.1 MB 25.0 MB/s eta 0:00:00
Installing collected packages: Pillow, numpy, scipy
Successfully installed Pillow-9.1.1 numpy-1.23.1 scipy-1.8.1
REMOTE_SUPERVISOR_PID=202
