PINNED {"counts": {"train": 425, "val": 100, "test": 175}, "paired_rows": {"train": 850, "val": 200, "test": 350}, "profile_pair_seconds": [0.4472348690032959, 0.5752367973327637, 0.7320570945739746], "allocation_max_pair_seconds": 1.098085641860962, "reserve_seconds": 450, "pinned_at": 1790906246.9443998, "baseline_schedule": [12, 20, 28], "seeds": {"train": 71003001, "val": 71004001, "test": 71005001}, "alphas": [1.0, 100.0, 10000.0], "phases": ["cue", "gap", "baseline", "post", "final"], "parity_max_abs": [0.0, 0.0, 0.0], "renderer_rng_parity": [true, true, true], "selection": "validation only; test generated only after fits frozen", "feature_scope": "all fixed spatial sites; no cue-dependent input selection", "bootstrap_groups": 500}
EXTRACT train 25 elapsed 19.0
EXTRACT train 50 elapsed 32.4
EXTRACT train 75 elapsed 45.5
EXTRACT train 100 elapsed 59.7
EXTRACT train 125 elapsed 73.6
EXTRACT train 150 elapsed 88.7
EXTRACT train 175 elapsed 105.2
EXTRACT train 200 elapsed 120.8
EXTRACT train 225 elapsed 135.4
EXTRACT train 250 elapsed 150.0
EXTRACT train 275 elapsed 165.9
EXTRACT train 300 elapsed 183.4
EXTRACT train 325 elapsed 199.5
EXTRACT train 350 elapsed 213.5
EXTRACT train 375 elapsed 228.0
EXTRACT train 400 elapsed 241.9
EXTRACT train 425 elapsed 256.2
EXTRACT val 25 elapsed 269.9
EXTRACT val 50 elapsed 285.6
EXTRACT val 75 elapsed 303.3
EXTRACT val 100 elapsed 320.7
FITS FROZEN 71 elapsed 322.82233595848083
EXTRACT test 25 elapsed 340.3
EXTRACT test 50 elapsed 358.8
EXTRACT test 75 elapsed 375.6
EXTRACT test 100 elapsed 390.3
EXTRACT test 125 elapsed 405.1
EXTRACT test 150 elapsed 419.9
EXTRACT test 175 elapsed 434.8
COMPLETE {"complete": true, "elapsed_seconds": 435.52757692337036, "deadline": 1790908041.956104, "within_cap": true, "checkpoint_hash_unchanged": true, "state_hash_unchanged": true, "probe_prediction_replay_max_abs": 0.0, "final_access_erase_nan_invariance": {"False": true, "True": true}, "counts": {"train": 425, "val": 100, "test": 175}, "zero_model_optimizer_steps": true, "no_cloud_access": true, "artifacts": {"train_features.npz": "b70ba1b0abe2b8def883f1b3afe0e1444e782b794cae3e8654aecffda46dde46", "projections.npz": "e4f394b1b246e93f00e29b7f0d864bc114c9a5283544c8a4026871030573e489", "test_predictions.npz": "3c3532741b765131c12a6fc1f094be23bfb99810edd040c5f912c187104dce66", "val_features.npz": "71647fef138a6edc81f953f564f5727abe16bd05c6c99f0440adf681c41d050a", "fitted_probes.npz": "78221f5d77af4df605bab1dd025f4f384e8aa43954b23a9a249207b6761c7963", "test_dot_angles.npz": "4936a9c1b429e793128bebd0774e2a880d7594ba74b46452aa340bb057c36070", "train_dot_angles.npz": "627219f4922145917e50a8134f5f3dc46572d8a8f7d6159601a499647f835f1c", "test_features.npz": "764a609ce92ea6f1f854d4bbd76b1b9b01a9fb4b72c0baee79b813db6c401fcb", "val_dot_angles.npz": "8b01d1743868a6b8f276f6a7e2083deae436ce311598bf8b841e40a3f743a9af"}}
