FIT cnn25 phases elapsed 436.2398340702057
FIT cnn25 final elapsed 436.47251415252686
FIT kda25 phases elapsed 436.7375762462616
FIT kda25 final elapsed 437.0063259601593
FIT kda7 phases elapsed 437.26303720474243
FIT kda7 final elapsed 437.50600695610046
FIT memory phases elapsed 437.7548050880432
FIT memory final elapsed 437.9996201992035
FRESH 25 elapsed 448.8882300853729
FRESH 50 elapsed 458.81552934646606
FRESH 75 elapsed 467.2431333065033
FRESH 100 elapsed 478.5697190761566
FRESH 125 elapsed 500.13425517082214
FRESH 150 elapsed 518.7323310375214
FRESH 175 elapsed 533.3247690200806
FRESH 200 elapsed 544.9638409614563
FRESH 225 elapsed 557.0715110301971
FRESH 250 elapsed 570.7807762622833
FRESH 275 elapsed 583.6592800617218
FRESH 300 elapsed 599.9381790161133
COMPLETE {"groups": 300, "events": 258, "catches": 42, "left": 130, "right": 128, "cue_decode_correct": 300, "targets": 171, "foil": 87} elapsed 603.2828121185303
