{
  "version": "attention_context_comparator_v2",
  "status": "passed",
  "identity_gate": {
    "v2_changes": {
      "A": true,
      "B": true,
      "C": false,
      "D": false,
      "E": false
    },
    "bit_identical_logits_cpu": true,
    "max_abs_logit_difference_cpu": 0.0,
    "batches": [
      [
        "motion_duration_cued",
        [
          2,
          11,
          3,
          100,
          100
        ]
      ],
      [
        "orientation_cued",
        [
          2,
          8,
          3,
          100,
          100
        ]
      ],
      [
        "spatial_binding",
        [
          2,
          5,
          3,
          100,
          100
        ]
      ]
    ],
    "bit_identical_logits_cuda": false,
    "max_abs_logit_difference_cuda": 2.8908252716064453e-05
  },
  "full_v2_differs_from_v1": true,
  "arm": "attention_context_comparator_v2",
  "deterministic_scratch_initialization": true,
  "loaded_parent": false,
  "loaded_model_tensors": 0,
  "loaded_optimizer_states": 0,
  "initial_model_sha256": "239dedae37b230511e4deba911655133f997e4f53d273f12cb1bb86aedeccc0e",
  "v1_initial_model_sha256": "70a6d5d8b6fec76d50352dfe1849059050492b9e68f5e2059f00ff3d319429ce",
  "total_parameters": 590015,
  "v1_total_parameters": 534239,
  "parameter_delta_by_change": {
    "A": 480,
    "B": 55296
  },
  "learning_rate_parameter_counts": {
    "0.0003": 590015
  },
  "v1_learning_rate_parameter_counts": {
    "3e-05": 390152,
    "0.0003": 144087
  },
  "locality_by_head": [
    4.0,
    0.019999997690320015
  ],
  "raw_locality": [
    3.9815144538879395,
    -3.9020063877105713
  ],
  "source_bias": [
    [
      2.0,
      0.0
    ],
    [
      0.0,
      0.0
    ]
  ],
  "head1_sigma_cells": 5.0,
  "head1_penalty_at_3_cells": 0.18,
  "head1_penalty_at_6_cells": 0.72,
  "selection_weight_norms": {
    "orientation_cued": 0.6785387396812439,
    "motion_duration_cued": 0.7277128100395203,
    "krauzlis_cued_motion": 0.6907384991645813,
    "spatial_binding": 0.7681225538253784,
    "image_recognition": 0.6888942122459412
  },
  "new_column_gradient_norms": {
    "accumulator_new_columns": [
      0.010849173180758953,
      0.03439940884709358,
      0.02522757463157177
    ],
    "fusion_max_columns": [
      2.518056869506836,
      2.1239469051361084,
      1.2972609996795654
    ],
    "selection": [
      0.012324551120400429,
      0.011572122573852539,
      0.015543482266366482,
      0.006992990616708994,
      0.021763475611805916
    ],
    "raw_locality": [
      -0.0004060348146595061,
      0.00035211886279284954
    ],
    "source_bias": [
      [
        0.0014110904885455966,
        -0.001411090954206884
      ],
      [
        0.01594425179064274,
        -0.015944257378578186
      ]
    ]
  },
  "finite_gradient_parameter_count": 133,
  "gate": {
    "step": 2400,
    "cued_tasks": [
      "orientation_cued",
      "motion_duration_cued",
      "krauzlis_cued_motion"
    ]
  },
  "updates": 12000,
  "episodes": 480000,
  "validation_targets": [
    800,
    1600,
    2400,
    3200,
    4000,
    4800,
    5600,
    6400,
    7200,
    8000,
    8800,
    9600,
    10400,
    11200,
    12000
  ]
}
