[orientation_single_center_stack3_lr0.0001] [orientation_single] update 200/1563 episodes 12800 val mean BA 0.938 orientation_single_D0=0.938 (52s)
[orientation_single_center_stack3_lr0.0001] [orientation_single] update 400/1563 episodes 25600 val mean BA 0.992 orientation_single_D0=0.992 (90s)
[orientation_single_center_stack3_lr0.0001] [orientation_single] update 600/1563 episodes 38400 val mean BA 1.000 orientation_single_D0=1.000 (130s)
[orientation_single_center_stack3_lr0.0001] [orientation_single] update 800/1563 episodes 51200 val mean BA 1.000 orientation_single_D0=1.000 (173s)
[orientation_single_center_stack3_lr0.0001] [orientation_single] update 1000/1563 episodes 64000 val mean BA 1.000 orientation_single_D0=1.000 (216s)
[orientation_single_center_stack3_lr0.0001] [orientation_single] update 1200/1563 episodes 76800 val mean BA 0.996 orientation_single_D0=0.996 (1819s)
[orientation_single_center_stack3_lr0.0001] [orientation_single] update 1400/1563 episodes 89600 val mean BA 1.000 orientation_single_D0=1.000 (1893s)
[orientation_single_center_stack3_lr0.0001] [orientation_single] update 1563/1563 episodes 100032 val mean BA 1.000 orientation_single_D0=1.000 (1927s)
[orientation_single_center_stack3_lr0.0001] [orientation_single] done. test BA per cell (terminal): orientation_single_D0=1.000
[orientation_single_center_stack3_lr0.0003_zerohead] [orientation_single] update 200/1563 episodes 12800 val mean BA 0.988 orientation_single_D0=0.988 (293s)
[orientation_single_center_stack3_lr0.0003_zerohead] [orientation_single] update 400/1563 episodes 25600 val mean BA 0.996 orientation_single_D0=0.996 (313s)
[orientation_single_center_stack3_lr0.0003_zerohead] [orientation_single] update 600/1563 episodes 38400 val mean BA 1.000 orientation_single_D0=1.000 (336s)
[orientation_single_center_stack3_lr0.0003_zerohead] [orientation_single] update 800/1563 episodes 51200 val mean BA 1.000 orientation_single_D0=1.000 (361s)
[orientation_single_center_stack3_lr0.0003_zerohead] [orientation_single] update 1000/1563 episodes 64000 val mean BA 1.000 orientation_single_D0=1.000 (385s)
[orientation_single_center_stack3_lr0.0003_zerohead] [orientation_single] update 1200/1563 episodes 76800 val mean BA 1.000 orientation_single_D0=1.000 (407s)
[orientation_single_center_stack3_lr0.0003_zerohead] [orientation_single] update 1400/1563 episodes 89600 val mean BA 1.000 orientation_single_D0=1.000 (431s)
[orientation_single_center_stack3_lr0.0003_zerohead] [orientation_single] update 1563/1563 episodes 100032 val mean BA 1.000 orientation_single_D0=1.000 (449s)
[orientation_single_center_stack3_lr0.0003_zerohead] [orientation_single] done. test BA per cell (terminal): orientation_single_D0=1.000
[orientation_ring_center_stack3_lr0.0001] [orientation_ring] update 200/1563 episodes 12800 val mean BA 0.477 orientation_ring_D0=0.477 (40s)
[orientation_ring_center_stack3_lr0.0001] [orientation_ring] update 400/1563 episodes 25600 val mean BA 0.535 orientation_ring_D0=0.535 (84s)
[orientation_ring_center_stack3_lr0.0001] [orientation_ring] update 600/1563 episodes 38400 val mean BA 0.992 orientation_ring_D0=0.992 (133s)
[orientation_ring_center_stack3_lr0.0001] [orientation_ring] update 800/1563 episodes 51200 val mean BA 0.996 orientation_ring_D0=0.996 (195s)
[orientation_ring_center_stack3_lr0.0001] [orientation_ring] update 1000/1563 episodes 64000 val mean BA 0.996 orientation_ring_D0=0.996 (256s)
[orientation_ring_center_stack3_lr0.0001] [orientation_ring] update 1200/1563 episodes 76800 val mean BA 0.996 orientation_ring_D0=0.996 (316s)
[orientation_ring_center_stack3_lr0.0001] [orientation_ring] update 1400/1563 episodes 89600 val mean BA 1.000 orientation_ring_D0=1.000 (370s)
[orientation_ring_center_stack3_lr0.0001] [orientation_ring] update 1563/1563 episodes 100032 val mean BA 1.000 orientation_ring_D0=1.000 (413s)
[orientation_ring_center_stack3_lr0.0001] [orientation_ring] done. test BA per cell (terminal): orientation_ring_D0=1.000
[orientation_ring_center_stack3_lr0.0003_zerohead] [orientation_ring] update 200/1563 episodes 12800 val mean BA 0.484 orientation_ring_D0=0.484 (56s)
[orientation_ring_center_stack3_lr0.0003_zerohead] [orientation_ring] update 400/1563 episodes 25600 val mean BA 0.996 orientation_ring_D0=0.996 (106s)
[orientation_ring_center_stack3_lr0.0003_zerohead] [orientation_ring] update 600/1563 episodes 38400 val mean BA 1.000 orientation_ring_D0=1.000 (156s)
[orientation_ring_center_stack3_lr0.0003_zerohead] [orientation_ring] update 800/1563 episodes 51200 val mean BA 0.992 orientation_ring_D0=0.992 (208s)
[orientation_ring_center_stack3_lr0.0003_zerohead] [orientation_ring] update 1000/1563 episodes 64000 val mean BA 1.000 orientation_ring_D0=1.000 (258s)
[orientation_ring_center_stack3_lr0.0003_zerohead] [orientation_ring] update 1200/1563 episodes 76800 val mean BA 1.000 orientation_ring_D0=1.000 (308s)
[orientation_ring_center_stack3_lr0.0003_zerohead] [orientation_ring] update 1400/1563 episodes 89600 val mean BA 0.996 orientation_ring_D0=0.996 (359s)
[orientation_ring_center_stack3_lr0.0003_zerohead] [orientation_ring] update 1563/1563 episodes 100032 val mean BA 1.000 orientation_ring_D0=1.000 (400s)
[orientation_ring_center_stack3_lr0.0003_zerohead] [orientation_ring] done. test BA per cell (terminal): orientation_ring_D0=1.000
ALL_DONE
