{"step": 6912, "stage": "joint", "family": "orientation", "condition": "recall_distractor", "episodes": 27648, "visual_updates": 368728, "loss": 0.6502416729927063}
{"step": 6976, "stage": "joint", "family": "contrast", "condition": "recall_N1", "episodes": 27904, "visual_updates": 372480, "loss": 0.6883875131607056}
{"step": 7040, "stage": "joint", "family": "spatial_frequency", "condition": "recall_D2", "episodes": 28160, "visual_updates": 375976, "loss": 0.6986980438232422}
{"step": 7104, "stage": "joint", "family": "chromatic_increment", "condition": "decision_D16", "episodes": 28416, "visual_updates": 380148, "loss": 0.6965374946594238}
{"step": 7168, "stage": "joint", "family": "contour", "condition": "integrate_L16", "episodes": 28672, "visual_updates": 383504, "loss": 0.6907398700714111}
{"step": 7232, "stage": "joint", "family": "contour", "condition": "recall_D8", "episodes": 28928, "visual_updates": 387228, "loss": 0.6776579022407532}
{"step": 7296, "stage": "joint", "family": "natural_spectrum", "condition": "recall_postcue", "episodes": 29184, "visual_updates": 391092, "loss": 0.7356992959976196}
{"step": 7360, "stage": "joint", "family": "motion_direction", "condition": "recall_D0", "episodes": 29440, "visual_updates": 395148, "loss": 1.3252359628677368}
{"step": 7424, "stage": "joint", "family": "orientation", "condition": "integrate_L8", "episodes": 29696, "visual_updates": 398880, "loss": 0.702947735786438}
{"step": 7488, "stage": "joint", "family": "contrast", "condition": "decision_D4", "episodes": 29952, "visual_updates": 402832, "loss": 0.6814056634902954}
{"step": 7552, "stage": "joint", "family": "contrast", "condition": "recall_D2", "episodes": 30208, "visual_updates": 406300, "loss": 0.6934868097305298}
{"step": 7616, "stage": "joint", "family": "spatial_frequency", "condition": "recall_precue", "episodes": 30464, "visual_updates": 410556, "loss": 0.6980090737342834}
{"step": 7680, "stage": "joint", "family": "chromatic_increment", "condition": "recall_N2", "episodes": 30720, "visual_updates": 414180, "loss": 0.6224974989891052}
{"step": 7744, "stage": "joint", "family": "contour", "condition": "integrate_L32", "episodes": 30976, "visual_updates": 417844, "loss": 0.6846882700920105}
{"step": 7808, "stage": "joint", "family": "natural_spectrum", "condition": "decision_D16", "episodes": 31232, "visual_updates": 421956, "loss": 0.6840877532958984}
{"step": 7872, "stage": "joint", "family": "natural_spectrum", "condition": "recall_N4", "episodes": 31488, "visual_updates": 425344, "loss": 0.6871907114982605}
{"step": 7936, "stage": "joint", "family": "motion_direction", "condition": "recall_distractor", "episodes": 31744, "visual_updates": 429360, "loss": 1.3972647190093994}
{"step": 8000, "stage": "joint", "family": "orientation", "condition": "recall_N1", "episodes": 32000, "visual_updates": 432984, "loss": 0.6732311844825745}
{"step": 8064, "stage": "joint", "family": "contrast", "condition": "decision_D8", "episodes": 32256, "visual_updates": 436724, "loss": 0.687404215335846}
{"step": 8128, "stage": "joint", "family": "spatial_frequency", "condition": "integrate_L8", "episodes": 32512, "visual_updates": 440708, "loss": 0.6742528676986694}
{"step": 8192, "stage": "joint", "family": "spatial_frequency", "condition": "recall_N2", "episodes": 32768, "visual_updates": 444504, "loss": 0.6990114450454712}
{"step": 8256, "stage": "joint", "family": "chromatic_increment", "condition": "recall_D8", "episodes": 33024, "visual_updates": 448072, "loss": 0.7255423665046692}
{"step": 8320, "stage": "joint", "family": "contour", "condition": "recall_postcue", "episodes": 33280, "visual_updates": 452252, "loss": 0.7498114109039307}
{"step": 8384, "stage": "joint", "family": "natural_spectrum", "condition": "integrate_transient", "episodes": 33536, "visual_updates": 455960, "loss": 0.6857733130455017}
{"step": 8448, "stage": "joint", "family": "motion_direction", "condition": "decision_D2", "episodes": 33792, "visual_updates": 459976, "loss": 1.3630131483078003}
{"step": 8512, "stage": "joint", "family": "motion_direction", "condition": "recall_N1", "episodes": 34048, "visual_updates": 463748, "loss": 1.3746216297149658}
{"step": 8576, "stage": "joint", "family": "orientation", "condition": "recall_D2", "episodes": 34304, "visual_updates": 467068, "loss": 0.7157458066940308}
{"step": 8640, "stage": "joint", "family": "contrast", "condition": "recall_precue", "episodes": 34560, "visual_updates": 471316, "loss": 0.6704535484313965}
{"step": 8704, "stage": "joint", "family": "spatial_frequency", "condition": "integrate_L16", "episodes": 34816, "visual_updates": 474696, "loss": 0.671398401260376}
{"step": 8768, "stage": "joint", "family": "chromatic_increment", "condition": "decision_D8", "episodes": 35072, "visual_updates": 478472, "loss": 0.7066473364830017}
{"step": 8832, "stage": "joint", "family": "chromatic_increment", "condition": "recall_postcue", "episodes": 35328, "visual_updates": 482364, "loss": 0.6602938771247864}
{"step": 8896, "stage": "joint", "family": "contour", "condition": "recall_N4", "episodes": 35584, "visual_updates": 486360, "loss": 0.6878787875175476}
{"step": 8960, "stage": "joint", "family": "natural_spectrum", "condition": "recall_D16", "episodes": 35840, "visual_updates": 490160, "loss": 0.6831693649291992}
{"step": 9024, "stage": "joint", "family": "motion_direction", "condition": "decision_D4", "episodes": 36096, "visual_updates": 494068, "loss": 1.4246035814285278}
{"step": 9088, "stage": "joint", "family": "orientation", "condition": "decision_distractor", "episodes": 36352, "visual_updates": 497588, "loss": 0.7199667096138}
{"step": 9152, "stage": "joint", "family": "orientation", "condition": "recall_precue", "episodes": 36608, "visual_updates": 501792, "loss": 0.6677206754684448}
{"step": 9216, "stage": "joint", "family": "contrast", "condition": "recall_N2", "episodes": 36864, "visual_updates": 505432, "loss": 0.689339816570282}
{"step": 9280, "stage": "joint", "family": "spatial_frequency", "condition": "recall_D8", "episodes": 37120, "visual_updates": 508944, "loss": 0.6848291158676147}
{"step": 9344, "stage": "joint", "family": "chromatic_increment", "condition": "decision_D16", "episodes": 37376, "visual_updates": 513100, "loss": 0.6987454295158386}
{"step": 9408, "stage": "joint", "family": "contour", "condition": "integrate_L16", "episodes": 37632, "visual_updates": 516568, "loss": 0.6885097622871399}
{"step": 9472, "stage": "joint", "family": "contour", "condition": "recall_D16", "episodes": 37888, "visual_updates": 520460, "loss": 0.6951896548271179}
{"step": 9536, "stage": "joint", "family": "natural_spectrum", "condition": "recall_matched_one", "episodes": 38144, "visual_updates": 524188, "loss": 0.647720217704773}
{"step": 9600, "stage": "joint", "family": "motion_direction", "condition": "recall_D2", "episodes": 38400, "visual_updates": 527972, "loss": 1.3595443964004517}
{"step": 9664, "stage": "joint", "family": "orientation", "condition": "integrate_L8", "episodes": 38656, "visual_updates": 531960, "loss": 0.6875174045562744}
{"step": 9728, "stage": "joint", "family": "contrast", "condition": "decision_D4", "episodes": 38912, "visual_updates": 535776, "loss": 0.7010132074356079}
{"step": 9792, "stage": "joint", "family": "contrast", "condition": "recall_D8", "episodes": 39168, "visual_updates": 539244, "loss": 0.6855422258377075}
