{"evaluated": "motion_direction/anchor", "episodes": 32}
{"evaluated": "orientation/anchor", "episodes": 32}
{"evaluated": "contrast/anchor", "episodes": 32}
{"evaluated": "spatial_frequency/anchor", "episodes": 32}
{"evaluated": "chromatic_increment/anchor", "episodes": 32}
{"evaluated": "contour/anchor", "episodes": 32}
{"evaluated": "natural_spectrum/anchor", "episodes": 32}
{"evaluated": "motion_direction/bridge_integrate_visible", "episodes": 32}
{"evaluated": "orientation/bridge_integrate_visible", "episodes": 32}
{"evaluated": "contrast/bridge_integrate_visible", "episodes": 32}
{"evaluated": "spatial_frequency/bridge_integrate_visible", "episodes": 32}
{"evaluated": "chromatic_increment/bridge_integrate_visible", "episodes": 32}
{"evaluated": "contour/bridge_integrate_visible", "episodes": 32}
{"evaluated": "natural_spectrum/bridge_integrate_visible", "episodes": 32}
{"evaluated": "motion_direction/bridge_integrate_transient", "episodes": 32}
{"evaluated": "orientation/bridge_integrate_transient", "episodes": 32}
{"evaluated": "contrast/bridge_integrate_transient", "episodes": 32}
{"evaluated": "spatial_frequency/bridge_integrate_transient", "episodes": 32}
{"evaluated": "chromatic_increment/bridge_integrate_transient", "episodes": 32}
{"evaluated": "contour/bridge_integrate_transient", "episodes": 32}
{"evaluated": "natural_spectrum/bridge_integrate_transient", "episodes": 32}
{"evaluated": "motion_direction/bridge_recall", "episodes": 32}
{"evaluated": "orientation/bridge_recall", "episodes": 32}
{"evaluated": "contrast/bridge_recall", "episodes": 32}
{"evaluated": "spatial_frequency/bridge_recall", "episodes": 32}
{"evaluated": "chromatic_increment/bridge_recall", "episodes": 32}
{"evaluated": "contour/bridge_recall", "episodes": 32}
{"evaluated": "natural_spectrum/bridge_recall", "episodes": 32}
