{"evaluated": "motion_direction/anchor", "episodes": 128}
{"evaluated": "orientation/anchor", "episodes": 128}
{"evaluated": "contrast/anchor", "episodes": 128}
{"evaluated": "spatial_frequency/anchor", "episodes": 128}
{"evaluated": "chromatic_increment/anchor", "episodes": 128}
{"evaluated": "contour/anchor", "episodes": 128}
{"evaluated": "natural_spectrum/anchor", "episodes": 128}
{"evaluated": "motion_direction/bridge_integrate_visible", "episodes": 128}
{"evaluated": "orientation/bridge_integrate_visible", "episodes": 128}
{"evaluated": "contrast/bridge_integrate_visible", "episodes": 128}
{"evaluated": "spatial_frequency/bridge_integrate_visible", "episodes": 128}
{"evaluated": "chromatic_increment/bridge_integrate_visible", "episodes": 128}
{"evaluated": "contour/bridge_integrate_visible", "episodes": 128}
{"evaluated": "natural_spectrum/bridge_integrate_visible", "episodes": 128}
{"evaluated": "motion_direction/bridge_integrate_transient", "episodes": 128}
{"evaluated": "orientation/bridge_integrate_transient", "episodes": 128}
{"evaluated": "contrast/bridge_integrate_transient", "episodes": 128}
{"evaluated": "spatial_frequency/bridge_integrate_transient", "episodes": 128}
{"evaluated": "chromatic_increment/bridge_integrate_transient", "episodes": 128}
{"evaluated": "contour/bridge_integrate_transient", "episodes": 128}
{"evaluated": "natural_spectrum/bridge_integrate_transient", "episodes": 128}
{"evaluated": "motion_direction/bridge_recall", "episodes": 128}
{"evaluated": "orientation/bridge_recall", "episodes": 128}
{"evaluated": "contrast/bridge_recall", "episodes": 128}
{"evaluated": "spatial_frequency/bridge_recall", "episodes": 128}
{"evaluated": "chromatic_increment/bridge_recall", "episodes": 128}
{"evaluated": "contour/bridge_recall", "episodes": 128}
{"evaluated": "natural_spectrum/bridge_recall", "episodes": 128}
{"evaluated": "motion_direction/integrate_L8", "episodes": 128}
{"evaluated": "orientation/integrate_L8", "episodes": 128}
{"evaluated": "contrast/integrate_L8", "episodes": 128}
{"evaluated": "spatial_frequency/integrate_L8", "episodes": 128}
{"evaluated": "chromatic_increment/integrate_L8", "episodes": 128}
{"evaluated": "contour/integrate_L8", "episodes": 128}
{"evaluated": "natural_spectrum/integrate_L8", "episodes": 128}
{"evaluated": "motion_direction/integrate_L16", "episodes": 128}
{"evaluated": "orientation/integrate_L16", "episodes": 128}
{"evaluated": "contrast/integrate_L16", "episodes": 128}
{"evaluated": "spatial_frequency/integrate_L16", "episodes": 128}
{"evaluated": "chromatic_increment/integrate_L16", "episodes": 128}
{"evaluated": "contour/integrate_L16", "episodes": 128}
{"evaluated": "natural_spectrum/integrate_L16", "episodes": 128}
{"evaluated": "motion_direction/integrate_L32", "episodes": 128}
{"evaluated": "orientation/integrate_L32", "episodes": 128}
{"evaluated": "contrast/integrate_L32", "episodes": 128}
{"evaluated": "spatial_frequency/integrate_L32", "episodes": 128}
{"evaluated": "chromatic_increment/integrate_L32", "episodes": 128}
{"evaluated": "contour/integrate_L32", "episodes": 128}
{"evaluated": "natural_spectrum/integrate_L32", "episodes": 128}
{"evaluated": "motion_direction/decision_D2", "episodes": 128}
{"evaluated": "orientation/decision_D2", "episodes": 128}
{"evaluated": "contrast/decision_D2", "episodes": 128}
{"evaluated": "spatial_frequency/decision_D2", "episodes": 128}
{"evaluated": "chromatic_increment/decision_D2", "episodes": 128}
{"evaluated": "contour/decision_D2", "episodes": 128}
{"evaluated": "natural_spectrum/decision_D2", "episodes": 128}
{"evaluated": "motion_direction/decision_D4", "episodes": 128}
{"evaluated": "orientation/decision_D4", "episodes": 128}
{"evaluated": "contrast/decision_D4", "episodes": 128}
{"evaluated": "spatial_frequency/decision_D4", "episodes": 128}
{"evaluated": "chromatic_increment/decision_D4", "episodes": 128}
{"evaluated": "contour/decision_D4", "episodes": 128}
{"evaluated": "natural_spectrum/decision_D4", "episodes": 128}
{"evaluated": "motion_direction/decision_D8", "episodes": 128}
{"evaluated": "orientation/decision_D8", "episodes": 128}
{"evaluated": "contrast/decision_D8", "episodes": 128}
{"evaluated": "spatial_frequency/decision_D8", "episodes": 128}
{"evaluated": "chromatic_increment/decision_D8", "episodes": 128}
{"evaluated": "contour/decision_D8", "episodes": 128}
{"evaluated": "natural_spectrum/decision_D8", "episodes": 128}
{"evaluated": "motion_direction/decision_D16", "episodes": 128}
{"evaluated": "orientation/decision_D16", "episodes": 128}
{"evaluated": "contrast/decision_D16", "episodes": 128}
{"evaluated": "spatial_frequency/decision_D16", "episodes": 128}
{"evaluated": "chromatic_increment/decision_D16", "episodes": 128}
{"evaluated": "contour/decision_D16", "episodes": 128}
{"evaluated": "natural_spectrum/decision_D16", "episodes": 128}
{"evaluated": "motion_direction/integrate_transient", "episodes": 128}
{"evaluated": "orientation/integrate_transient", "episodes": 128}
{"evaluated": "contrast/integrate_transient", "episodes": 128}
{"evaluated": "spatial_frequency/integrate_transient", "episodes": 128}
{"evaluated": "chromatic_increment/integrate_transient", "episodes": 128}
{"evaluated": "contour/integrate_transient", "episodes": 128}
{"evaluated": "natural_spectrum/integrate_transient", "episodes": 128}
{"evaluated": "motion_direction/decision_distractor", "episodes": 128}
{"evaluated": "orientation/decision_distractor", "episodes": 128}
{"evaluated": "contrast/decision_distractor", "episodes": 128}
{"evaluated": "spatial_frequency/decision_distractor", "episodes": 128}
{"evaluated": "chromatic_increment/decision_distractor", "episodes": 128}
{"evaluated": "contour/decision_distractor", "episodes": 128}
{"evaluated": "natural_spectrum/decision_distractor", "episodes": 128}
{"evaluated": "motion_direction/recall_N1", "episodes": 128}
{"evaluated": "orientation/recall_N1", "episodes": 128}
{"evaluated": "contrast/recall_N1", "episodes": 128}
{"evaluated": "spatial_frequency/recall_N1", "episodes": 128}
{"evaluated": "chromatic_increment/recall_N1", "episodes": 128}
{"evaluated": "contour/recall_N1", "episodes": 128}
{"evaluated": "natural_spectrum/recall_N1", "episodes": 128}
{"evaluated": "motion_direction/recall_N2", "episodes": 128}
{"evaluated": "orientation/recall_N2", "episodes": 128}
{"evaluated": "contrast/recall_N2", "episodes": 128}
{"evaluated": "spatial_frequency/recall_N2", "episodes": 128}
{"evaluated": "chromatic_increment/recall_N2", "episodes": 128}
{"evaluated": "contour/recall_N2", "episodes": 128}
{"evaluated": "natural_spectrum/recall_N2", "episodes": 128}
{"evaluated": "motion_direction/recall_N4", "episodes": 128}
{"evaluated": "orientation/recall_N4", "episodes": 128}
{"evaluated": "contrast/recall_N4", "episodes": 128}
{"evaluated": "spatial_frequency/recall_N4", "episodes": 128}
{"evaluated": "chromatic_increment/recall_N4", "episodes": 128}
{"evaluated": "contour/recall_N4", "episodes": 128}
{"evaluated": "natural_spectrum/recall_N4", "episodes": 128}
{"evaluated": "motion_direction/recall_D0", "episodes": 128}
{"evaluated": "orientation/recall_D0", "episodes": 128}
{"evaluated": "contrast/recall_D0", "episodes": 128}
{"evaluated": "spatial_frequency/recall_D0", "episodes": 128}
{"evaluated": "chromatic_increment/recall_D0", "episodes": 128}
{"evaluated": "contour/recall_D0", "episodes": 128}
{"evaluated": "natural_spectrum/recall_D0", "episodes": 128}
{"evaluated": "motion_direction/recall_D2", "episodes": 128}
{"evaluated": "orientation/recall_D2", "episodes": 128}
{"evaluated": "contrast/recall_D2", "episodes": 128}
{"evaluated": "spatial_frequency/recall_D2", "episodes": 128}
{"evaluated": "chromatic_increment/recall_D2", "episodes": 128}
{"evaluated": "contour/recall_D2", "episodes": 128}
{"evaluated": "natural_spectrum/recall_D2", "episodes": 128}
{"evaluated": "motion_direction/recall_D8", "episodes": 128}
{"evaluated": "orientation/recall_D8", "episodes": 128}
{"evaluated": "contrast/recall_D8", "episodes": 128}
{"evaluated": "spatial_frequency/recall_D8", "episodes": 128}
{"evaluated": "chromatic_increment/recall_D8", "episodes": 128}
{"evaluated": "contour/recall_D8", "episodes": 128}
{"evaluated": "natural_spectrum/recall_D8", "episodes": 128}
{"evaluated": "motion_direction/recall_D16", "episodes": 128}
{"evaluated": "orientation/recall_D16", "episodes": 128}
{"evaluated": "contrast/recall_D16", "episodes": 128}
{"evaluated": "spatial_frequency/recall_D16", "episodes": 128}
{"evaluated": "chromatic_increment/recall_D16", "episodes": 128}
{"evaluated": "contour/recall_D16", "episodes": 128}
{"evaluated": "natural_spectrum/recall_D16", "episodes": 128}
{"evaluated": "motion_direction/recall_distractor", "episodes": 128}
{"evaluated": "orientation/recall_distractor", "episodes": 128}
{"evaluated": "contrast/recall_distractor", "episodes": 128}
{"evaluated": "spatial_frequency/recall_distractor", "episodes": 128}
{"evaluated": "chromatic_increment/recall_distractor", "episodes": 128}
{"evaluated": "contour/recall_distractor", "episodes": 128}
{"evaluated": "natural_spectrum/recall_distractor", "episodes": 128}
{"evaluated": "motion_direction/recall_precue", "episodes": 128}
{"evaluated": "orientation/recall_precue", "episodes": 128}
{"evaluated": "contrast/recall_precue", "episodes": 128}
{"evaluated": "spatial_frequency/recall_precue", "episodes": 128}
{"evaluated": "chromatic_increment/recall_precue", "episodes": 128}
{"evaluated": "contour/recall_precue", "episodes": 128}
{"evaluated": "natural_spectrum/recall_precue", "episodes": 128}
{"evaluated": "motion_direction/recall_postcue", "episodes": 128}
{"evaluated": "orientation/recall_postcue", "episodes": 128}
{"evaluated": "contrast/recall_postcue", "episodes": 128}
{"evaluated": "spatial_frequency/recall_postcue", "episodes": 128}
{"evaluated": "chromatic_increment/recall_postcue", "episodes": 128}
{"evaluated": "contour/recall_postcue", "episodes": 128}
{"evaluated": "natural_spectrum/recall_postcue", "episodes": 128}
{"evaluated": "motion_direction/recall_matched_one", "episodes": 128}
{"evaluated": "orientation/recall_matched_one", "episodes": 128}
{"evaluated": "contrast/recall_matched_one", "episodes": 128}
{"evaluated": "spatial_frequency/recall_matched_one", "episodes": 128}
{"evaluated": "chromatic_increment/recall_matched_one", "episodes": 128}
{"evaluated": "contour/recall_matched_one", "episodes": 128}
{"evaluated": "natural_spectrum/recall_matched_one", "episodes": 128}
