{"step": 1024, "stage": "joint", "family": "contour", "condition": "integrate_L32", "episodes": 4096, "visual_updates": 19100, "loss": 0.8087266683578491}
{"step": 1088, "stage": "joint", "family": "natural_spectrum", "condition": "decision_D16", "episodes": 4352, "visual_updates": 22900, "loss": 0.7077698707580566}
{"step": 1152, "stage": "joint", "family": "natural_spectrum", "condition": "recall_matched_one", "episodes": 4608, "visual_updates": 26336, "loss": 0.6834758520126343}
{"step": 1216, "stage": "joint", "family": "motion_direction", "condition": "recall_D2", "episodes": 4864, "visual_updates": 30152, "loss": 1.3768813610076904}
{"step": 1280, "stage": "joint", "family": "orientation", "condition": "recall_precue", "episodes": 5120, "visual_updates": 33992, "loss": 0.7178816795349121}
{"step": 1344, "stage": "joint", "family": "contrast", "condition": "decision_D8", "episodes": 5376, "visual_updates": 37860, "loss": 0.7095174789428711}
{"step": 1408, "stage": "joint", "family": "spatial_frequency", "condition": "integrate_L8", "episodes": 5632, "visual_updates": 41332, "loss": 0.7170405387878418}
{"step": 1472, "stage": "joint", "family": "spatial_frequency", "condition": "recall_postcue", "episodes": 5888, "visual_updates": 45520, "loss": 0.6952653527259827}
{"step": 1536, "stage": "joint", "family": "chromatic_increment", "condition": "recall_N4", "episodes": 6144, "visual_updates": 49328, "loss": 0.7071874737739563}
{"step": 1600, "stage": "joint", "family": "contour", "condition": "recall_D16", "episodes": 6400, "visual_updates": 53196, "loss": 0.6788150072097778}
{"step": 1664, "stage": "joint", "family": "natural_spectrum", "condition": "integrate_transient", "episodes": 6656, "visual_updates": 56952, "loss": 0.7492401599884033}
{"step": 1728, "stage": "joint", "family": "motion_direction", "condition": "decision_D2", "episodes": 6912, "visual_updates": 60800, "loss": 1.3814940452575684}
{"step": 1792, "stage": "joint", "family": "motion_direction", "condition": "recall_precue", "episodes": 7168, "visual_updates": 64748, "loss": 1.3890453577041626}
{"step": 1856, "stage": "joint", "family": "orientation", "condition": "recall_N2", "episodes": 7424, "visual_updates": 68204, "loss": 0.6672948002815247}
{"step": 1920, "stage": "joint", "family": "contrast", "condition": "recall_D8", "episodes": 7680, "visual_updates": 71940, "loss": 0.7025161385536194}
{"step": 1984, "stage": "joint", "family": "spatial_frequency", "condition": "integrate_L16", "episodes": 7936, "visual_updates": 75720, "loss": 0.6799923181533813}
{"step": 2048, "stage": "joint", "family": "chromatic_increment", "condition": "decision_D8", "episodes": 8192, "visual_updates": 79720, "loss": 0.6900348663330078}
{"step": 2112, "stage": "joint", "family": "chromatic_increment", "condition": "recall_D16", "episodes": 8448, "visual_updates": 83260, "loss": 0.6870039105415344}
{"step": 2176, "stage": "joint", "family": "contour", "condition": "recall_matched_one", "episodes": 8704, "visual_updates": 87352, "loss": 0.6790236234664917}
{"step": 2240, "stage": "joint", "family": "natural_spectrum", "condition": "recall_D0", "episodes": 8960, "visual_updates": 90984, "loss": 0.6637004017829895}
{"step": 2304, "stage": "joint", "family": "motion_direction", "condition": "decision_D4", "episodes": 9216, "visual_updates": 95060, "loss": 1.3727046251296997}
{"step": 2368, "stage": "joint", "family": "orientation", "condition": "decision_distractor", "episodes": 9472, "visual_updates": 98708, "loss": 0.7487195134162903}
{"step": 2432, "stage": "joint", "family": "orientation", "condition": "recall_D8", "episodes": 9728, "visual_updates": 102408, "loss": 0.7094228267669678}
{"step": 2496, "stage": "joint", "family": "contrast", "condition": "recall_postcue", "episodes": 9984, "visual_updates": 106456, "loss": 0.6846061944961548}
{"step": 2560, "stage": "joint", "family": "spatial_frequency", "condition": "recall_N4", "episodes": 10240, "visual_updates": 110192, "loss": 0.6924099326133728}
{"step": 2624, "stage": "joint", "family": "chromatic_increment", "condition": "decision_D16", "episodes": 10496, "visual_updates": 113948, "loss": 0.6670947670936584}
{"step": 2688, "stage": "joint", "family": "contour", "condition": "integrate_L16", "episodes": 10752, "visual_updates": 117560, "loss": 0.6814063787460327}
{"step": 2752, "stage": "joint", "family": "contour", "condition": "recall_D0", "episodes": 11008, "visual_updates": 121348, "loss": 0.7315431237220764}
{"step": 2816, "stage": "joint", "family": "natural_spectrum", "condition": "recall_distractor", "episodes": 11264, "visual_updates": 125180, "loss": 0.7459379434585571}
{"step": 2880, "stage": "joint", "family": "motion_direction", "condition": "recall_N2", "episodes": 11520, "visual_updates": 129092, "loss": 1.3527086973190308}
{"step": 2944, "stage": "joint", "family": "orientation", "condition": "integrate_L8", "episodes": 11776, "visual_updates": 132568, "loss": 0.7250142097473145}
{"step": 3008, "stage": "joint", "family": "contrast", "condition": "decision_D4", "episodes": 12032, "visual_updates": 136808, "loss": 0.7020130157470703}
{"step": 3072, "stage": "joint", "family": "contrast", "condition": "recall_N4", "episodes": 12288, "visual_updates": 140484, "loss": 0.6741542816162109}
{"step": 3136, "stage": "joint", "family": "spatial_frequency", "condition": "recall_D16", "episodes": 12544, "visual_updates": 144356, "loss": 0.7044891715049744}
{"step": 3200, "stage": "joint", "family": "chromatic_increment", "condition": "recall_matched_one", "episodes": 12800, "visual_updates": 148236, "loss": 0.6683154106140137}
{"step": 3264, "stage": "joint", "family": "contour", "condition": "integrate_L32", "episodes": 13056, "visual_updates": 151996, "loss": 0.7139739990234375}
{"step": 3328, "stage": "joint", "family": "natural_spectrum", "condition": "decision_D16", "episodes": 13312, "visual_updates": 156020, "loss": 0.6787957549095154}
{"step": 3392, "stage": "joint", "family": "natural_spectrum", "condition": "recall_N1", "episodes": 13568, "visual_updates": 159264, "loss": 0.6899110674858093}
{"step": 3456, "stage": "joint", "family": "motion_direction", "condition": "recall_D8", "episodes": 13824, "visual_updates": 163048, "loss": 1.4034955501556396}
{"step": 3520, "stage": "joint", "family": "orientation", "condition": "recall_postcue", "episodes": 14080, "visual_updates": 166960, "loss": 0.7452996969223022}
{"step": 3584, "stage": "joint", "family": "contrast", "condition": "decision_D8", "episodes": 14336, "visual_updates": 170876, "loss": 0.6951910853385925}
{"step": 3648, "stage": "joint", "family": "spatial_frequency", "condition": "integrate_L8", "episodes": 14592, "visual_updates": 174468, "loss": 0.7145959138870239}
{"step": 3712, "stage": "joint", "family": "spatial_frequency", "condition": "recall_matched_one", "episodes": 14848, "visual_updates": 178544, "loss": 0.6910656690597534}
{"step": 3776, "stage": "joint", "family": "chromatic_increment", "condition": "recall_D0", "episodes": 15104, "visual_updates": 182224, "loss": 0.7362964153289795}
{"step": 3840, "stage": "joint", "family": "contour", "condition": "recall_distractor", "episodes": 15360, "visual_updates": 186316, "loss": 0.6917009353637695}
{"step": 3904, "stage": "joint", "family": "natural_spectrum", "condition": "integrate_transient", "episodes": 15616, "visual_updates": 189904, "loss": 0.7168285846710205}
