{"step": 3968, "stage": "joint", "family": "motion_direction", "condition": "decision_D2", "episodes": 15872, "visual_updates": 193672, "loss": 1.3684098720550537}
{"step": 4032, "stage": "joint", "family": "motion_direction", "condition": "recall_postcue", "episodes": 16128, "visual_updates": 197724, "loss": 1.3831286430358887}
{"step": 4096, "stage": "joint", "family": "orientation", "condition": "recall_N4", "episodes": 16384, "visual_updates": 201220, "loss": 0.6928568482398987}
{"step": 4160, "stage": "joint", "family": "contrast", "condition": "recall_D16", "episodes": 16640, "visual_updates": 205076, "loss": 0.6973603963851929}
{"step": 4224, "stage": "joint", "family": "spatial_frequency", "condition": "integrate_L16", "episodes": 16896, "visual_updates": 208720, "loss": 0.7107863426208496}
{"step": 4288, "stage": "joint", "family": "chromatic_increment", "condition": "decision_D8", "episodes": 17152, "visual_updates": 212656, "loss": 0.6895776987075806}
{"step": 4352, "stage": "joint", "family": "chromatic_increment", "condition": "recall_distractor", "episodes": 17408, "visual_updates": 216404, "loss": 0.6597220301628113}
{"step": 4416, "stage": "joint", "family": "contour", "condition": "recall_N1", "episodes": 17664, "visual_updates": 220304, "loss": 0.6790667176246643}
{"step": 4480, "stage": "joint", "family": "natural_spectrum", "condition": "recall_D2", "episodes": 17920, "visual_updates": 223856, "loss": 0.6967201232910156}
{"step": 4544, "stage": "joint", "family": "motion_direction", "condition": "decision_D4", "episodes": 18176, "visual_updates": 228044, "loss": 1.4063283205032349}
{"step": 4608, "stage": "joint", "family": "orientation", "condition": "decision_distractor", "episodes": 18432, "visual_updates": 231708, "loss": 0.7034831643104553}
{"step": 4672, "stage": "joint", "family": "orientation", "condition": "recall_D16", "episodes": 18688, "visual_updates": 235512, "loss": 0.6711025238037109}
{"step": 4736, "stage": "joint", "family": "contrast", "condition": "recall_matched_one", "episodes": 18944, "visual_updates": 239456, "loss": 0.7023794651031494}
{"step": 4800, "stage": "joint", "family": "spatial_frequency", "condition": "recall_D0", "episodes": 19200, "visual_updates": 243128, "loss": 0.6503065228462219}
{"step": 4864, "stage": "joint", "family": "chromatic_increment", "condition": "decision_D16", "episodes": 19456, "visual_updates": 247116, "loss": 0.6925087571144104}
{"step": 4928, "stage": "joint", "family": "contour", "condition": "integrate_L16", "episodes": 19712, "visual_updates": 250536, "loss": 0.6904529929161072}
{"step": 4992, "stage": "joint", "family": "contour", "condition": "recall_D2", "episodes": 19968, "visual_updates": 254212, "loss": 0.7211789488792419}
{"step": 5056, "stage": "joint", "family": "natural_spectrum", "condition": "recall_precue", "episodes": 20224, "visual_updates": 258164, "loss": 0.7348628044128418}
{"step": 5120, "stage": "joint", "family": "motion_direction", "condition": "recall_N4", "episodes": 20480, "visual_updates": 262092, "loss": 1.412878155708313}
{"step": 5184, "stage": "joint", "family": "orientation", "condition": "integrate_L8", "episodes": 20736, "visual_updates": 265640, "loss": 0.6619495153427124}
{"step": 5248, "stage": "joint", "family": "contrast", "condition": "decision_D4", "episodes": 20992, "visual_updates": 269784, "loss": 0.6899190545082092}
{"step": 5312, "stage": "joint", "family": "contrast", "condition": "recall_D0", "episodes": 21248, "visual_updates": 273460, "loss": 0.6757515072822571}
{"step": 5376, "stage": "joint", "family": "spatial_frequency", "condition": "recall_distractor", "episodes": 21504, "visual_updates": 277524, "loss": 0.7144584655761719}
{"step": 5440, "stage": "joint", "family": "chromatic_increment", "condition": "recall_N1", "episodes": 21760, "visual_updates": 281212, "loss": 0.6442091464996338}
{"step": 5504, "stage": "joint", "family": "contour", "condition": "integrate_L32", "episodes": 22016, "visual_updates": 284852, "loss": 0.7354286313056946}
{"step": 5568, "stage": "joint", "family": "natural_spectrum", "condition": "decision_D16", "episodes": 22272, "visual_updates": 289020, "loss": 0.6857208013534546}
{"step": 5632, "stage": "joint", "family": "natural_spectrum", "condition": "recall_N2", "episodes": 22528, "visual_updates": 292248, "loss": 0.7052901983261108}
{"step": 5696, "stage": "joint", "family": "motion_direction", "condition": "recall_D16", "episodes": 22784, "visual_updates": 296120, "loss": 1.361480474472046}
{"step": 5760, "stage": "joint", "family": "orientation", "condition": "recall_matched_one", "episodes": 23040, "visual_updates": 299936, "loss": 0.7209497690200806}
{"step": 5824, "stage": "joint", "family": "contrast", "condition": "decision_D8", "episodes": 23296, "visual_updates": 303892, "loss": 0.6666486859321594}
{"step": 5888, "stage": "joint", "family": "spatial_frequency", "condition": "integrate_L8", "episodes": 23552, "visual_updates": 307660, "loss": 0.7203078269958496}
{"step": 5952, "stage": "joint", "family": "spatial_frequency", "condition": "recall_N1", "episodes": 23808, "visual_updates": 311544, "loss": 0.6562464237213135}
{"step": 6016, "stage": "joint", "family": "chromatic_increment", "condition": "recall_D2", "episodes": 24064, "visual_updates": 315080, "loss": 0.7342014312744141}
{"step": 6080, "stage": "joint", "family": "contour", "condition": "recall_precue", "episodes": 24320, "visual_updates": 319316, "loss": 0.7098527550697327}
{"step": 6144, "stage": "joint", "family": "natural_spectrum", "condition": "integrate_transient", "episodes": 24576, "visual_updates": 322880, "loss": 0.6959784030914307}
{"step": 6208, "stage": "joint", "family": "motion_direction", "condition": "decision_D2", "episodes": 24832, "visual_updates": 326712, "loss": 1.4202219247817993}
{"step": 6272, "stage": "joint", "family": "motion_direction", "condition": "recall_matched_one", "episodes": 25088, "visual_updates": 330676, "loss": 1.3766132593154907}
{"step": 6336, "stage": "joint", "family": "orientation", "condition": "recall_D0", "episodes": 25344, "visual_updates": 334236, "loss": 0.657619297504425}
{"step": 6400, "stage": "joint", "family": "contrast", "condition": "recall_distractor", "episodes": 25600, "visual_updates": 338268, "loss": 0.7672526836395264}
{"step": 6464, "stage": "joint", "family": "spatial_frequency", "condition": "integrate_L16", "episodes": 25856, "visual_updates": 341744, "loss": 0.7223422527313232}
{"step": 6528, "stage": "joint", "family": "chromatic_increment", "condition": "decision_D8", "episodes": 26112, "visual_updates": 345504, "loss": 0.6544340252876282}
{"step": 6592, "stage": "joint", "family": "chromatic_increment", "condition": "recall_precue", "episodes": 26368, "visual_updates": 349420, "loss": 0.6850477457046509}
{"step": 6656, "stage": "joint", "family": "contour", "condition": "recall_N2", "episodes": 26624, "visual_updates": 353280, "loss": 0.6810694336891174}
{"step": 6720, "stage": "joint", "family": "natural_spectrum", "condition": "recall_D8", "episodes": 26880, "visual_updates": 356896, "loss": 0.7551375031471252}
{"step": 6784, "stage": "joint", "family": "motion_direction", "condition": "decision_D4", "episodes": 27136, "visual_updates": 360972, "loss": 1.3705830574035645}
{"step": 6848, "stage": "joint", "family": "orientation", "condition": "decision_distractor", "episodes": 27392, "visual_updates": 364764, "loss": 0.7292505502700806}
