warning: accessing absolute path `/System/Library/Fonts/Supplemental/Times New Roman.ttf`; build may not be reproducible in other environments
warning: accessing absolute path `/System/Library/Fonts/Supplemental/Times New Roman Italic.ttf`; build may not be reproducible in other environments
warning: accessing absolute path `/System/Library/Fonts/Supplemental/Times New Roman Bold.ttf`; build may not be reproducible in other environments
warning: accessing absolute path `/System/Library/Fonts/Supplemental/Times New Roman Bold Italic.ttf`; build may not be reproducible in other environments
warning: accessing absolute path `/System/Library/Fonts/Supplemental/Arial.ttf`; build may not be reproducible in other environments
warning: accessing absolute path `/System/Library/Fonts/Supplemental/Arial Italic.ttf`; build may not be reproducible in other environments
warning: accessing absolute path `/System/Library/Fonts/Supplemental/Arial Bold.ttf`; build may not be reproducible in other environments
warning: accessing absolute path `/System/Library/Fonts/Supplemental/Arial Bold Italic.ttf`; build may not be reproducible in other environments
warning: accessing absolute path `/System/Library/Fonts/Menlo.ttc`; build may not be reproducible in other environments
warning: accessing absolute path `/private/var/folders/0l/m0l9y4b57ks7m23qmx7jp6m80000gn/T/media-66d8c10a0677df26/tmp/pdfs/kda_step.pdf`; build may not be reproducible in other environments
warning: accessing absolute path `/private/var/folders/0l/m0l9y4b57ks7m23qmx7jp6m80000gn/T/media-66d8c10a0677df26/tmp/pdfs/architecture_routes.pdf`; build may not be reproducible in other environments
warning: accessing absolute path `/private/var/folders/0l/m0l9y4b57ks7m23qmx7jp6m80000gn/T/media-66d8c10a0677df26/tmp/pdfs/trial_timelines.pdf`; build may not be reproducible in other environments
warning: texput.tex:1962: Underfull \hbox (badness 1371) in paragraph at lines 1957--1962
warning: texput.tex:1962: Underfull \hbox (badness 1412) in paragraph at lines 1957--1962
warning: texput.tex:1962: Underfull \hbox (badness 1371) in paragraph at lines 1957--1962
warning: texput.tex:1962: Underfull \hbox (badness 1412) in paragraph at lines 1957--1962
warning: texput.tex:1962: Underfull \hbox (badness 1371) in paragraph at lines 1957--1962
warning: texput.tex:1962: Underfull \hbox (badness 1412) in paragraph at lines 1957--1962
warning: warnings were issued by the TeX engine; use --print and/or --keep-logs for details.
{
  "pages": 35,
  "source_words": 11562,
  "all_13_task_sections": true,
  "primary_cells": 35,
  "selection_eligible_cells": 32,
  "architecture_arithmetic_checks": "passed",
  "pdf_sha256": "3abe00e12008de161eed59cfcb86a1f4d8986d3b036839fd3b5fda7d081ab402",
  "visual_review": "See rendered page montages; human/model visual inspection required separately."
}
Sparse pages [(1, 65)]
