{
  "final/cue/native": {
    "n_rows": 175,
    "n_groups": 175,
    "balanced_accuracy": 0.5222222222222221,
    "accuracy": 0.52,
    "confusion": [
      [
        40,
        50
      ],
      [
        34,
        51
      ]
    ],
    "ba_ci95": [
      0.4480334445628107,
      0.5977361760334872
    ],
    "auc": 0.5198692810457516,
    "auc_ci95": [
      0.4402305779667712,
      0.6057573229024096
    ]
  },
  "final/event/native": {
    "n_rows": 175,
    "n_groups": 175,
    "balanced_accuracy": 0.48322147651006714,
    "accuracy": 0.8228571428571428,
    "confusion": [
      [
        0,
        26
      ],
      [
        5,
        144
      ]
    ],
    "ba_ci95": [
      0.4665492170022371,
      0.4965277777777778
    ],
    "auc": 0.47315436241610737,
    "auc_ci95": [
      0.3556688250051988,
      0.5852920938179558
    ]
  },
  "final/side/native": {
    "n_rows": 149,
    "n_groups": 149,
    "balanced_accuracy": 0.5168468468468468,
    "accuracy": 0.5167785234899329,
    "confusion": [
      [
        39,
        35
      ],
      [
        37,
        38
      ]
    ],
    "ba_ci95": [
      0.4313998202384915,
      0.6016695944956814
    ],
    "auc": 0.501981981981982,
    "auc_ci95": [
      0.40417356831955126,
      0.601574436592819
    ]
  },
  "final/joint/native": {
    "n_rows": 175,
    "n_groups": 175,
    "balanced_accuracy": 0.34855624855624856,
    "accuracy": 0.4342857142857143,
    "confusion": [
      [
        40,
        31,
        3
      ],
      [
        33,
        35,
        7
      ],
      [
        17,
        8,
        1
      ]
    ],
    "ba_ci95": [
      0.290192488964617,
      0.411203750798565
    ]
  },
  "final/label/native": {
    "n_rows": 175,
    "n_groups": 175,
    "balanced_accuracy": 0.47865450700502243,
    "accuracy": 0.44571428571428573,
    "confusion": [
      [
        61,
        17
      ],
      [
        80,
        17
      ]
    ],
    "ba_ci95": [
      0.42245014007743853,
      0.5370326057946502
    ],
    "auc": 0.42809939201691777,
    "auc_ci95": [
      0.349166035455278,
      0.5054591423226131
    ]
  },
  "final/shuffled_label/native": {
    "n_rows": 175,
    "n_groups": 175,
    "balanced_accuracy": 0.5006608511763151,
    "accuracy": 0.4742857142857143,
    "confusion": [
      [
        58,
        20
      ],
      [
        72,
        25
      ]
    ],
    "ba_ci95": [
      0.44368479417744267,
      0.564118388795113
    ],
    "auc": 0.5285487708168121,
    "auc_ci95": [
      0.44639602104851905,
      0.6181381120445572
    ]
  },
  "final/hard/native": {
    "n_rows": 175,
    "n_groups": 175,
    "balanced_accuracy": 0.47164948453608246,
    "accuracy": 0.4685714285714286,
    "confusion": [
      [
        39,
        39
      ],
      [
        54,
        43
      ]
    ],
    "ba_ci95": [
      0.393610286608496,
      0.5479331464633268
    ],
    "auc": 0.47164948453608246,
    "auc_ci95": [
      0.393610286608496,
      0.5479331464633268
    ]
  },
  "final/soft/native": {
    "n_rows": 175,
    "n_groups": 175,
    "balanced_accuracy": 0.46708961141950833,
    "accuracy": 0.4342857142857143,
    "confusion": [
      [
        60,
        18
      ],
      [
        81,
        16
      ]
    ],
    "ba_ci95": [
      0.40913134903326054,
      0.5195627137706837
    ],
    "auc": 0.4429024583663759,
    "auc_ci95": [
      0.36138988095238095,
      0.5189625580583203
    ]
  },
  "final/calibrated/native": {
    "n_rows": 175,
    "n_groups": 175,
    "balanced_accuracy": 0.5,
    "accuracy": 0.44571428571428573,
    "confusion": [
      [
        78,
        0
      ],
      [
        97,
        0
      ]
    ],
    "ba_ci95": [
      0.5,
      0.5
    ],
    "auc": 0.5350251123447,
    "auc_ci95": [
      0.45007867820613695,
      0.6270155072463768
    ]
  },
  "phases/cue/native": {
    "n_rows": 175,
    "n_groups": 175,
    "balanced_accuracy": 1.0,
    "accuracy": 1.0,
    "confusion": [
      [
        90,
        0
      ],
      [
        0,
        85
      ]
    ],
    "ba_ci95": [
      1.0,
      1.0
    ],
    "auc": 1.0,
    "auc_ci95": [
      1.0,
      1.0
    ]
  },
  "phases/event/native": {
    "n_rows": 175,
    "n_groups": 175,
    "balanced_accuracy": 0.5558853897780073,
    "accuracy": 0.8114285714285714,
    "confusion": [
      [
        5,
        21
      ],
      [
        12,
        137
      ]
    ],
    "ba_ci95": [
      0.4824281609195402,
      0.6382632845907718
    ],
    "auc": 0.5730511099638617,
    "auc_ci95": [
      0.44757044426162074,
      0.7023447503201024
    ]
  },
  "phases/side/native": {
    "n_rows": 149,
    "n_groups": 149,
    "balanced_accuracy": 0.48936936936936937,
    "accuracy": 0.4899328859060403,
    "confusion": [
      [
        30,
        44
      ],
      [
        32,
        43
      ]
    ],
    "ba_ci95": [
      0.41305212799303254,
      0.5706909236596737
    ],
    "auc": 0.5142342342342342,
    "auc_ci95": [
      0.42012494751722,
      0.6090096911815661
    ]
  },
  "phases/joint/native": {
    "n_rows": 175,
    "n_groups": 175,
    "balanced_accuracy": 0.3427258027258027,
    "accuracy": 0.4057142857142857,
    "confusion": [
      [
        34,
        38,
        2
      ],
      [
        37,
        34,
        4
      ],
      [
        11,
        12,
        3
      ]
    ],
    "ba_ci95": [
      0.2784416748609068,
      0.4097536832809821
    ]
  },
  "phases/label/native": {
    "n_rows": 175,
    "n_groups": 175,
    "balanced_accuracy": 0.5266983875231298,
    "accuracy": 0.5142857142857142,
    "confusion": [
      [
        50,
        28
      ],
      [
        57,
        40
      ]
    ],
    "ba_ci95": [
      0.4513183983873923,
      0.6007536565547129
    ],
    "auc": 0.5697858842188739,
    "auc_ci95": [
      0.4812061112441419,
      0.65284379887343
    ]
  },
  "phases/shuffled_label/native": {
    "n_rows": 175,
    "n_groups": 175,
    "balanced_accuracy": 0.45076658736452546,
    "accuracy": 0.4342857142857143,
    "confusion": [
      [
        47,
        31
      ],
      [
        68,
        29
      ]
    ],
    "ba_ci95": [
      0.37688769563769564,
      0.5232268705888748
    ],
    "auc": 0.46656093047845626,
    "auc_ci95": [
      0.37090142564202716,
      0.553626129718235
    ]
  },
  "phases/hard/native": {
    "n_rows": 175,
    "n_groups": 175,
    "balanced_accuracy": 0.48836901929685433,
    "accuracy": 0.4857142857142857,
    "confusion": [
      [
        40,
        38
      ],
      [
        52,
        45
      ]
    ],
    "ba_ci95": [
      0.4117957793959008,
      0.562669771789475
    ],
    "auc": 0.48836901929685433,
    "auc_ci95": [
      0.41179577939590073,
      0.562669771789475
    ]
  },
  "phases/soft/native": {
    "n_rows": 175,
    "n_groups": 175,
    "balanced_accuracy": 0.48936029606132697,
    "accuracy": 0.4742857142857143,
    "confusion": [
      [
        49,
        29
      ],
      [
        63,
        34
      ]
    ],
    "ba_ci95": [
      0.4169264424391578,
      0.5589313776846516
    ],
    "auc": 0.5194951097012953,
    "auc_ci95": [
      0.42763085641780224,
      0.6103968411313772
    ]
  },
  "phases/calibrated/native": {
    "n_rows": 175,
    "n_groups": 175,
    "balanced_accuracy": 0.4912106793550092,
    "accuracy": 0.44571428571428573,
    "confusion": [
      [
        71,
        7
      ],
      [
        90,
        7
      ]
    ],
    "ba_ci95": [
      0.44989111722462755,
      0.5366101456318167
    ],
    "auc": 0.514274385408406,
    "auc_ci95": [
      0.43325403119217554,
      0.6128740642237983
    ]
  },
  "native/label/native": {
    "n_rows": 175,
    "n_groups": 175,
    "balanced_accuracy": 0.5,
    "accuracy": 0.5542857142857143,
    "confusion": [
      [
        0,
        78
      ],
      [
        0,
        97
      ]
    ],
    "ba_ci95": [
      0.5,
      0.5
    ],
    "auc": 0.6217287866772403,
    "auc_ci95": [
      0.5380401377778361,
      0.6963692370972778
    ]
  }
}
