{
  "status": "passed",
  "version": "spatial_priority_readout_scratch_v2",
  "initialization_kind": "full_model_from_scratch",
  "initial_model_sha256": "9e2a507a4bc9920eb5ca7d0c288943a56867579eeaffc15eda0886734d249a45",
  "deterministic_same_seed": true,
  "different_model_seed_changes_initialization": true,
  "loaded_parent": false,
  "loaded_model_tensors": 0,
  "loaded_optimizer_states": 0,
  "fresh_optimizer_state_empty": true,
  "original_joint_attention_class": true,
  "original_spatial_ei_class": true,
  "original_comparator_class": true,
  "source_and_locality_trainable": true,
  "prospective_gamma_absent": true,
  "global_terminal_pooling_absent": true,
  "no_terminal_classifier_bypass": true,
  "task_output_shapes": {
    "orientation_cued": [
      2,
      2
    ],
    "motion_duration_cued": [
      2,
      4
    ],
    "krauzlis_cued_motion": [
      2,
      2
    ],
    "spatial_binding": [
      2,
      2
    ],
    "image_recognition": [
      2,
      2
    ]
  },
  "priority_maps_normalized": true,
  "task_specific_selection_and_evidence": true,
  "finite_full_forward_backward": true,
  "full_gradient_parameter_count": 121,
  "priority_gradient_norms": {
    "shared.0.weight": 0.3232005834579468,
    "shared.1.weight": 0.10269318521022797,
    "shared.1.bias": 0.14554078876972198,
    "shared.3.weight": 2.9246950149536133,
    "shared.4.weight": 0.14495928585529327,
    "shared.4.bias": 0.19510240852832794,
    "selection.orientation_cued.weight": 0.05230358615517616,
    "selection.orientation_cued.bias": 2.735760062932968e-09,
    "selection.motion_duration_cued.weight": 0.03493713587522507,
    "selection.motion_duration_cued.bias": 0.0,
    "selection.krauzlis_cued_motion.weight": 0.06671586632728577,
    "selection.krauzlis_cued_motion.bias": 9.313225746154785e-10,
    "selection.spatial_binding.weight": 0.0778406485915184,
    "selection.spatial_binding.bias": 9.778887033462524e-09,
    "selection.image_recognition.weight": 0.021866342052817345,
    "selection.image_recognition.bias": 2.3283064365386963e-10,
    "evidence.orientation_cued.weight": 0.5310945510864258,
    "evidence.orientation_cued.bias": 0.269964337348938,
    "evidence.motion_duration_cued.weight": 0.34268781542778015,
    "evidence.motion_duration_cued.bias": 0.1740887612104416,
    "evidence.krauzlis_cued_motion.weight": 0.6316016912460327,
    "evidence.krauzlis_cued_motion.bias": 0.32099199295043945,
    "evidence.spatial_binding.weight": 0.7438486814498901,
    "evidence.spatial_binding.bias": 0.377966046333313,
    "evidence.image_recognition.weight": 0.22024312615394592,
    "evidence.image_recognition.bias": 0.11197196692228317
  },
  "updates": 4000,
  "episodes": 160000,
  "validation_targets": [
    800,
    1600,
    2400,
    3200,
    4000
  ],
  "total_parameters": 579423,
  "trainable_parameters": 579423,
  "lineage": {
    "version": "spatial_priority_readout_scratch_v2",
    "initialization_kind": "full_model_from_scratch",
    "loaded_parent": false,
    "loaded_model_tensors": 0,
    "loaded_optimizer_states": 0,
    "initial_model_sha256": "9e2a507a4bc9920eb5ca7d0c288943a56867579eeaffc15eda0886734d249a45",
    "seeds": {
      "global_model": 41973001,
      "pav_common": 30312,
      "pav_core": 30313,
      "recurrent_common": 59311,
      "recurrent_core": 59312,
      "spatial_components": 31973001,
      "spatial_comparison_output": 31973002,
      "joint_attention": 41973001,
      "priority_readout": 41973101,
      "python_numpy_torch": 41973001,
      "training_stream": 61973001,
      "task_scheduler": 62973001
    },
    "prospective_gamma_absent": true,
    "attention": "Original JointAttention class and source_bias - softplus(raw_locality)*distance_squared computation, freshly initialized.",
    "architecture": "All components train from scratch. Terminal concat[H_T,R_T,C_T] at 13x13 uses shared 1x1 192->96 and 3x3 96->64 convolutions, then per-task selection/evidence maps and spatial-softmax weighted evidence."
  }
}
