{"stage": "profile", "profile_seconds": 2.6495001316070557, "counts": {"train": 1024, "val": 256, "test": 512}, "projected_full_extraction": 593.4880294799805, "unix": 1790342819.962049}
{"stage": "extract", "task": "orientation_cued", "split": "train", "done": 8, "total": 1024, "unix": 1790342820.612701}
{"stage": "extract", "task": "orientation_cued", "split": "train", "done": 136, "total": 1024, "unix": 1790342826.0615418}
{"stage": "extract", "task": "orientation_cued", "split": "train", "done": 264, "total": 1024, "unix": 1790342831.508566}
{"stage": "extract", "task": "orientation_cued", "split": "train", "done": 392, "total": 1024, "unix": 1790342836.956813}
{"stage": "extract", "task": "orientation_cued", "split": "train", "done": 520, "total": 1024, "unix": 1790342842.38665}
{"stage": "extract", "task": "orientation_cued", "split": "train", "done": 648, "total": 1024, "unix": 1790342847.82141}
{"stage": "extract", "task": "orientation_cued", "split": "train", "done": 776, "total": 1024, "unix": 1790342853.27389}
{"stage": "extract", "task": "orientation_cued", "split": "train", "done": 904, "total": 1024, "unix": 1790342858.77551}
{"stage": "extract", "task": "orientation_cued", "split": "val", "done": 8, "total": 256, "unix": 1790342864.819962}
{"stage": "extract", "task": "orientation_cued", "split": "val", "done": 136, "total": 256, "unix": 1790342870.294209}
{"stage": "extract", "task": "orientation_cued", "split": "test", "done": 8, "total": 512, "unix": 1790342876.170055}
{"stage": "extract", "task": "orientation_cued", "split": "test", "done": 136, "total": 512, "unix": 1790342881.651188}
{"stage": "extract", "task": "orientation_cued", "split": "test", "done": 264, "total": 512, "unix": 1790342887.121175}
{"stage": "extract", "task": "orientation_cued", "split": "test", "done": 392, "total": 512, "unix": 1790342892.5978692}
{"stage": "extract", "task": "spatial_binding", "split": "train", "done": 8, "total": 1024, "unix": 1790342898.750338}
{"stage": "extract", "task": "spatial_binding", "split": "train", "done": 136, "total": 1024, "unix": 1790342905.600783}
{"stage": "extract", "task": "spatial_binding", "split": "train", "done": 264, "total": 1024, "unix": 1790342912.449554}
{"stage": "extract", "task": "spatial_binding", "split": "train", "done": 392, "total": 1024, "unix": 1790342919.306131}
{"stage": "extract", "task": "spatial_binding", "split": "train", "done": 520, "total": 1024, "unix": 1790342926.224672}
{"stage": "extract", "task": "spatial_binding", "split": "train", "done": 648, "total": 1024, "unix": 1790342932.9423978}
{"stage": "extract", "task": "spatial_binding", "split": "train", "done": 776, "total": 1024, "unix": 1790342939.6003041}
{"stage": "extract", "task": "spatial_binding", "split": "train", "done": 904, "total": 1024, "unix": 1790342946.297964}
{"stage": "extract", "task": "spatial_binding", "split": "val", "done": 8, "total": 256, "unix": 1790342953.73714}
{"stage": "extract", "task": "spatial_binding", "split": "val", "done": 136, "total": 256, "unix": 1790342960.416084}
{"stage": "extract", "task": "spatial_binding", "split": "test", "done": 8, "total": 512, "unix": 1790342967.5853}
{"stage": "extract", "task": "spatial_binding", "split": "test", "done": 136, "total": 512, "unix": 1790342974.266523}
{"stage": "extract", "task": "spatial_binding", "split": "test", "done": 264, "total": 512, "unix": 1790342980.9161332}
{"stage": "extract", "task": "spatial_binding", "split": "test", "done": 392, "total": 512, "unix": 1790342988.618644}
{"stage": "probes_fit", "task": "orientation_cued", "layer": "early", "models": 16, "unix": 1790342998.492367}
{"stage": "probes_fit", "task": "orientation_cued", "layer": "late", "models": 32, "unix": 1790343002.173774}
{"stage": "probes_fit", "task": "orientation_cued", "layer": "gru", "models": 48, "unix": 1790343004.7403111}
{"stage": "probes_fit", "task": "orientation_cued", "layer": "readout", "models": 64, "unix": 1790343006.6871061}
{"stage": "label_only_comparator_fit", "task": "orientation_cued", "shuffle": false, "h": 16, "wd": 0.001, "best_val_ba": 0.50390625, "unix": 1790343008.1182349}
{"stage": "label_only_comparator_fit", "task": "orientation_cued", "shuffle": false, "h": 32, "wd": 0.001, "best_val_ba": 0.51953125, "unix": 1790343009.2901618}
{"stage": "label_only_comparator_fit", "task": "orientation_cued", "shuffle": false, "h": 32, "wd": 0.01, "best_val_ba": 0.5234375, "unix": 1790343010.448692}
{"stage": "label_only_comparator_fit", "task": "orientation_cued", "shuffle": true, "h": 32, "wd": 0.001, "best_val_ba": 0.5390625, "unix": 1790343011.64796}
{"stage": "task_fits_complete", "task": "orientation_cued", "unix": 1790343012.2242198}
{"stage": "probes_fit", "task": "spatial_binding", "layer": "early", "models": 18, "unix": 1790343015.569781}
{"stage": "probes_fit", "task": "spatial_binding", "layer": "late", "models": 36, "unix": 1790343019.33377}
{"stage": "probes_fit", "task": "spatial_binding", "layer": "gru", "models": 54, "unix": 1790343022.078503}
{"stage": "probes_fit", "task": "spatial_binding", "layer": "readout", "models": 72, "unix": 1790343024.321225}
{"stage": "label_only_comparator_fit", "task": "spatial_binding", "shuffle": false, "h": 16, "wd": 0.001, "best_val_ba": 0.49609375, "unix": 1790343025.4277399}
{"stage": "label_only_comparator_fit", "task": "spatial_binding", "shuffle": false, "h": 32, "wd": 0.001, "best_val_ba": 0.58203125, "unix": 1790343026.549783}
{"stage": "label_only_comparator_fit", "task": "spatial_binding", "shuffle": false, "h": 32, "wd": 0.01, "best_val_ba": 0.58203125, "unix": 1790343027.6640399}
{"stage": "label_only_comparator_fit", "task": "spatial_binding", "shuffle": true, "h": 32, "wd": 0.001, "best_val_ba": 0.50390625, "unix": 1790343028.914884}
{"stage": "task_fits_complete", "task": "spatial_binding", "unix": 1790343029.4528902}
{"stage": "test_complete", "task": "orientation_cued", "comparators": {"deployed": 0.486328125, "label_prior": 0.5, "label_only_relation": 0.4921875, "shuffled_label_relation": 0.53125, "aux_supervised_structured": 0.916015625}, "unix": 1790343029.9555268}
{"stage": "test_complete", "task": "spatial_binding", "comparators": {"deployed": 0.5078125, "label_prior": 0.5, "label_only_relation": 0.5625, "shuffled_label_relation": 0.541015625, "aux_supervised_structured": 1.0}, "unix": 1790343030.353914}
{"stage": "complete", "elapsed_seconds": 213.16039991378784, "unix": 1790343030.433405}
