{"task": "motion_duration_cued", "condition": "native_D0", "n": 16, "seconds": 0.0924539566040039, "elapsed": 3.9432969093322754}
{"task": "motion_duration_cued", "condition": "native_D24", "n": 16, "seconds": 0.28933095932006836, "elapsed": 4.233796834945679}
{"task": "motion_duration_cued", "condition": "cue_retarget_D0", "n": 16, "seconds": 0.09299612045288086, "elapsed": 4.327503681182861}
{"task": "motion_duration_cued", "condition": "native_D0", "n": 16, "seconds": 0.09206819534301758, "elapsed": 4.554390907287598}
{"task": "motion_duration_cued", "condition": "native_D24", "n": 16, "seconds": 0.2996079921722412, "elapsed": 4.855199813842773}
{"task": "motion_duration_cued", "condition": "cue_retarget_D0", "n": 16, "seconds": 0.09793996810913086, "elapsed": 4.953742742538452}
{"task": "motion_duration_cued", "condition": "native_D0", "n": 16, "seconds": 0.09952473640441895, "elapsed": 5.187773942947388}
{"task": "motion_duration_cued", "condition": "native_D24", "n": 16, "seconds": 0.30195116996765137, "elapsed": 5.490932941436768}
{"task": "motion_duration_cued", "condition": "cue_retarget_D0", "n": 16, "seconds": 0.09789586067199707, "elapsed": 5.589513778686523}
{"task": "motion_duration_cued", "condition": "native_D0", "n": 16, "seconds": 0.09676170349121094, "elapsed": 5.845370769500732}
{"task": "motion_duration_cued", "condition": "native_D24", "n": 16, "seconds": 0.3015170097351074, "elapsed": 6.148084878921509}
{"task": "motion_duration_cued", "condition": "cue_retarget_D0", "n": 16, "seconds": 0.09812498092651367, "elapsed": 6.24677586555481}
{"task": "motion_duration_cued", "condition": "native_D0", "n": 16, "seconds": 0.09769392013549805, "elapsed": 6.478657960891724}
{"task": "motion_duration_cued", "condition": "native_D24", "n": 16, "seconds": 0.30145692825317383, "elapsed": 6.781361818313599}
{"task": "motion_duration_cued", "condition": "cue_retarget_D0", "n": 16, "seconds": 0.09829902648925781, "elapsed": 6.880278825759888}
{"task": "motion_duration_cued", "condition": "native_D0", "n": 16, "seconds": 0.09670710563659668, "elapsed": 7.107465982437134}
{"task": "motion_duration_cued", "condition": "native_D24", "n": 16, "seconds": 0.3017110824584961, "elapsed": 7.410405874252319}
{"task": "motion_duration_cued", "condition": "cue_retarget_D0", "n": 16, "seconds": 0.09762096405029297, "elapsed": 7.508630990982056}
{"task": "motion_duration_cued", "condition": "native_D0", "n": 16, "seconds": 0.0976712703704834, "elapsed": 7.737692832946777}
{"task": "motion_duration_cued", "condition": "native_D24", "n": 16, "seconds": 0.3016669750213623, "elapsed": 8.040544986724854}
{"task": "motion_duration_cued", "condition": "cue_retarget_D0", "n": 16, "seconds": 0.09874892234802246, "elapsed": 8.139983892440796}
{"task": "motion_duration_cued", "condition": "native_D0", "n": 16, "seconds": 0.0974280834197998, "elapsed": 8.367495775222778}
{"task": "motion_duration_cued", "condition": "native_D24", "n": 16, "seconds": 0.2970287799835205, "elapsed": 8.665706872940063}
{"task": "motion_duration_cued", "condition": "cue_retarget_D0", "n": 16, "seconds": 0.09811997413635254, "elapsed": 8.764493942260742}
{"task": "krauzlis_cued_motion", "condition": "native_B20", "n": 8, "seconds": 0.1589031219482422, "elapsed": 8.954668998718262}
{"task": "krauzlis_cued_motion", "condition": "cue_swap_B20", "n": 8, "seconds": 0.15972518920898438, "elapsed": 9.114933967590332}
{"task": "krauzlis_cued_motion", "condition": "native_B20", "n": 8, "seconds": 0.1586909294128418, "elapsed": 9.306310892105103}
{"task": "krauzlis_cued_motion", "condition": "cue_swap_B20", "n": 8, "seconds": 0.15893197059631348, "elapsed": 9.465802907943726}
{"task": "krauzlis_cued_motion", "condition": "native_B20", "n": 8, "seconds": 0.1602938175201416, "elapsed": 9.661319732666016}
{"task": "krauzlis_cued_motion", "condition": "cue_swap_B20", "n": 8, "seconds": 0.15910696983337402, "elapsed": 9.82098388671875}
{"task": "krauzlis_cued_motion", "condition": "native_B20", "n": 8, "seconds": 0.1591200828552246, "elapsed": 10.014951944351196}
{"task": "krauzlis_cued_motion", "condition": "cue_swap_B20", "n": 8, "seconds": 0.15795516967773438, "elapsed": 10.173571825027466}
{"task": "krauzlis_cued_motion", "condition": "native_B20", "n": 8, "seconds": 0.15879297256469727, "elapsed": 10.36709189414978}
{"task": "krauzlis_cued_motion", "condition": "cue_swap_B20", "n": 8, "seconds": 0.15862107276916504, "elapsed": 10.526333808898926}
{"task": "krauzlis_cued_motion", "condition": "native_B20", "n": 8, "seconds": 0.15853095054626465, "elapsed": 10.720057725906372}
{"task": "krauzlis_cued_motion", "condition": "cue_swap_B20", "n": 8, "seconds": 0.15782976150512695, "elapsed": 10.87845778465271}
{"task": "krauzlis_cued_motion", "condition": "native_B20", "n": 8, "seconds": 0.15859293937683105, "elapsed": 11.07073187828064}
{"task": "krauzlis_cued_motion", "condition": "cue_swap_B20", "n": 8, "seconds": 0.15880799293518066, "elapsed": 11.230134963989258}
{"task": "krauzlis_cued_motion", "condition": "native_B20", "n": 8, "seconds": 0.15921473503112793, "elapsed": 11.4235258102417}
{"task": "krauzlis_cued_motion", "condition": "cue_swap_B20", "n": 8, "seconds": 0.15860915184020996, "elapsed": 11.582674741744995}
{"task": "krauzlis_cued_motion", "condition": "native_B20", "n": 8, "seconds": 0.15877103805541992, "elapsed": 11.775920867919922}
{"task": "krauzlis_cued_motion", "condition": "cue_swap_B20", "n": 8, "seconds": 0.15658307075500488, "elapsed": 11.932976722717285}
{"task": "krauzlis_cued_motion", "condition": "native_B20", "n": 8, "seconds": 0.15887999534606934, "elapsed": 12.122459888458252}
{"task": "krauzlis_cued_motion", "condition": "cue_swap_B20", "n": 8, "seconds": 0.15980076789855957, "elapsed": 12.282793998718262}
{"task": "krauzlis_cued_motion", "condition": "native_B20", "n": 8, "seconds": 0.15859317779541016, "elapsed": 12.475828886032104}
{"task": "krauzlis_cued_motion", "condition": "cue_swap_B20", "n": 8, "seconds": 0.15566706657409668, "elapsed": 12.632071733474731}
{"task": "krauzlis_cued_motion", "condition": "native_B20", "n": 8, "seconds": 0.1576387882232666, "elapsed": 12.823517799377441}
{"task": "krauzlis_cued_motion", "condition": "cue_swap_B20", "n": 8, "seconds": 0.15840888023376465, "elapsed": 12.982491731643677}
{"task": "krauzlis_cued_motion", "condition": "native_B20", "n": 8, "seconds": 0.15824413299560547, "elapsed": 13.171605825424194}
{"task": "krauzlis_cued_motion", "condition": "cue_swap_B20", "n": 8, "seconds": 0.15945792198181152, "elapsed": 13.33174180984497}
{"task": "krauzlis_cued_motion", "condition": "native_B20", "n": 8, "seconds": 0.15900397300720215, "elapsed": 13.522834777832031}
{"task": "krauzlis_cued_motion", "condition": "cue_swap_B20", "n": 8, "seconds": 0.15883922576904297, "elapsed": 13.682201862335205}
{"task": "krauzlis_cued_motion", "condition": "native_B20", "n": 8, "seconds": 0.15838837623596191, "elapsed": 13.873204946517944}
{"task": "krauzlis_cued_motion", "condition": "cue_swap_B20", "n": 8, "seconds": 0.1592121124267578, "elapsed": 14.032957792282104}
{"task": "krauzlis_cued_motion", "condition": "native_B20", "n": 8, "seconds": 0.1560971736907959, "elapsed": 14.224190950393677}
{"task": "krauzlis_cued_motion", "condition": "cue_swap_B20", "n": 8, "seconds": 0.15691304206848145, "elapsed": 14.381626844406128}
{"task": "krauzlis_cued_motion", "condition": "native_B20", "n": 8, "seconds": 0.1576697826385498, "elapsed": 14.57314395904541}
{"task": "krauzlis_cued_motion", "condition": "cue_swap_B20", "n": 8, "seconds": 0.1588280200958252, "elapsed": 14.732416868209839}
{"task": "krauzlis_cued_motion", "condition": "native_B20", "n": 8, "seconds": 0.1567518711090088, "elapsed": 14.922047853469849}
{"task": "krauzlis_cued_motion", "condition": "cue_swap_B20", "n": 8, "seconds": 0.15988707542419434, "elapsed": 15.08248496055603}
{"task": "krauzlis_cued_motion", "condition": "native_B20", "n": 8, "seconds": 0.1582961082458496, "elapsed": 15.273737907409668}
{"task": "krauzlis_cued_motion", "condition": "cue_swap_B20", "n": 8, "seconds": 0.1586148738861084, "elapsed": 15.432817935943604}
{"task": "krauzlis_cued_motion", "condition": "native_B20", "n": 8, "seconds": 0.15956592559814453, "elapsed": 15.623165845870972}
{"task": "krauzlis_cued_motion", "condition": "cue_swap_B20", "n": 8, "seconds": 0.15912818908691406, "elapsed": 15.782840013504028}
{"task": "krauzlis_cued_motion", "condition": "native_B20", "n": 8, "seconds": 0.15734004974365234, "elapsed": 15.972539901733398}
{"task": "krauzlis_cued_motion", "condition": "cue_swap_B20", "n": 8, "seconds": 0.1561427116394043, "elapsed": 16.129143953323364}
{"task": "krauzlis_cued_motion", "condition": "native_B20", "n": 8, "seconds": 0.15796518325805664, "elapsed": 16.318662881851196}
{"task": "krauzlis_cued_motion", "condition": "cue_swap_B20", "n": 8, "seconds": 0.15662169456481934, "elapsed": 16.475793838500977}
{"task": "krauzlis_cued_motion", "condition": "native_B20", "n": 8, "seconds": 0.15726089477539062, "elapsed": 16.663492679595947}
{"task": "krauzlis_cued_motion", "condition": "cue_swap_B20", "n": 8, "seconds": 0.15768909454345703, "elapsed": 16.82175588607788}
{"task": "krauzlis_cued_motion", "condition": "native_B20", "n": 8, "seconds": 0.15778589248657227, "elapsed": 17.012218713760376}
{"task": "krauzlis_cued_motion", "condition": "cue_swap_B20", "n": 8, "seconds": 0.15691184997558594, "elapsed": 17.169681787490845}
{"task": "krauzlis_cued_motion", "condition": "native_B20", "n": 8, "seconds": 0.15729427337646484, "elapsed": 17.358653783798218}
{"task": "krauzlis_cued_motion", "condition": "cue_swap_B20", "n": 8, "seconds": 0.1557140350341797, "elapsed": 17.514838933944702}
{"task": "motion_direction", "condition": "native_anchor", "n": 32, "seconds": 0.038954973220825195, "elapsed": 17.563679933547974}
COMPLETE [{"task": "motion_duration_cued", "condition": "native_D0", "n": 128, "accuracy": 0.34375, "accuracy_wilson95": [0.2671015766811227, 0.4295037221543487], "balanced_accuracy": 0.34375, "auc_macro": 0.6289062500000001, "confusion": [[8, 10, 7, 7], [4, 17, 7, 4], [6, 12, 8, 6], [5, 9, 7, 11]], "recall": [0.25, 0.53125, 0.25, 0.34375], "prediction_counts": [23, 48, 29, 28], "mean_probabilities": [0.23960903482199775, 0.25949426518833296, 0.2562875499211921, 0.24460915006847708]}, {"task": "motion_duration_cued", "condition": "native_D24", "n": 128, "accuracy": 0.359375, "accuracy_wilson95": [0.2814673057552586, 0.4454774631966657], "balanced_accuracy": 0.359375, "auc_macro": 0.6256510416666667, "confusion": [[10, 10, 2, 10], [7, 13, 2, 10], [2, 8, 8, 14], [7, 5, 5, 15]], "recall": [0.3125, 0.40625, 0.25, 0.46875], "prediction_counts": [26, 36, 17, 49], "mean_probabilities": [0.25229531714601366, 0.24927415051873947, 0.24588596040953542, 0.2525445719257117]}, {"task": "motion_duration_cued", "condition": "cue_retarget_D0", "n": 128, "accuracy": 0.359375, "accuracy_wilson95": [0.2814673057552586, 0.4454774631966657], "balanced_accuracy": 0.35969516594516593, "auc_macro": 0.5771614215493626, "confusion": [[4, 14, 7, 10], [4, 20, 9, 3], [2, 5, 9, 8], [7, 7, 6, 13]], "recall": [0.11428571428571428, 0.5555555555555556, 0.375, 0.3939393939393939], "prediction_counts": [17, 46, 31, 34], "mean_probabilities": [0.2391048176159479, 0.2542894362354452, 0.2566235931268454, 0.24998215302176183]}, {"task": "krauzlis_cued_motion", "condition": "native_B20", "n": 200, "accuracy": 0.57, "accuracy_wilson95": [0.5007048776415268, 0.6366567766656557], "balanced_accuracy": 0.5, "auc_macro": 0.5307017543859649, "confusion": [[0, 86], [0, 114]], "recall": [0.0, 1.0], "prediction_counts": [0, 200], "mean_probabilities": [0.4220231311707703, 0.5779768688292295]}, {"task": "krauzlis_cued_motion", "condition": "cue_swap_B20", "n": 200, "accuracy": 0.29, "accuracy_wilson95": [0.23154025607067882, 0.3563747810077731], "balanced_accuracy": 0.5, "auc_macro": 0.4936862554638174, "confusion": [[0, 142], [0, 58]], "recall": [0.0, 1.0], "prediction_counts": [0, 200], "mean_probabilities": [0.42231675302193816, 0.5776832469780618]}, {"task": "motion_direction", "condition": "native_anchor", "n": 32, "accuracy": 1.0, "accuracy_wilson95": [0.8928208017449293, 1.0], "balanced_accuracy": 1.0, "auc_macro": 1.0, "confusion": [[8, 0, 0, 0], [0, 8, 0, 0], [0, 0, 8, 0], [0, 0, 0, 8]], "recall": [1.0, 1.0, 1.0, 1.0], "prediction_counts": [8, 8, 8, 8], "mean_probabilities": [0.2499503815672335, 0.24999435342321838, 0.24993035786617462, 0.25012490714337343]}]
