[spatial_binding] update 100/313 episodes 6400 val mean BA 0.500 spatial_binding_D0=0.500 (81s)
[spatial_binding] update 200/313 episodes 12800 val mean BA 0.500 spatial_binding_D0=0.500 (165s)
[spatial_binding] update 300/313 episodes 19200 val mean BA 0.508 spatial_binding_D0=0.508 (254s)
[spatial_binding] update 313/313 episodes 20032 val mean BA 0.516 spatial_binding_D0=0.516 (268s)
[spatial_binding] done. test BA per cell (terminal): spatial_binding_D0=0.514
[image_recognition] update 100/313 episodes 6400 val mean BA 0.500 image_recognition_N4_H3=0.500 image_recognition_N4_H4=0.500 image_recognition_N4_H5=0.500 (33s)
[image_recognition] update 200/313 episodes 12800 val mean BA 0.510 image_recognition_N4_H3=0.512 image_recognition_N4_H4=0.520 image_recognition_N4_H5=0.500 (63s)
[image_recognition] update 300/313 episodes 19200 val mean BA 0.496 image_recognition_N4_H3=0.488 image_recognition_N4_H4=0.500 image_recognition_N4_H5=0.500 (93s)
[image_recognition] update 313/313 episodes 20032 val mean BA 0.497 image_recognition_N4_H3=0.512 image_recognition_N4_H4=0.492 image_recognition_N4_H5=0.488 (102s)
[image_recognition] done. test BA per cell (terminal): image_recognition_N4_H3=0.525 image_recognition_N4_H4=0.500 image_recognition_N4_H5=0.504
[motion_duration_cued] update 100/313 episodes 6400 val mean BA 0.250 motion_duration_cued_D0=0.250 (133s)
[motion_duration_cued] update 200/313 episodes 12800 val mean BA 0.250 motion_duration_cued_D0=0.250 (254s)
[motion_duration_cued] update 300/313 episodes 19200 val mean BA 0.250 motion_duration_cued_D0=0.250 (382s)
[motion_duration_cued] update 313/313 episodes 20032 val mean BA 0.250 motion_duration_cued_D0=0.250 (403s)
[motion_duration_cued] done. test BA per cell (terminal): motion_duration_cued_D0=0.250
[krauzlis_cued_motion] update 100/313 episodes 6400 val mean BA 0.500 krauzlis_cued_motion_B12=0.500 krauzlis_cued_motion_B20=0.500 krauzlis_cued_motion_B28=0.500 (365s)
[krauzlis_cued_motion] update 200/313 episodes 12800 val mean BA 0.500 krauzlis_cued_motion_B12=0.500 krauzlis_cued_motion_B20=0.500 krauzlis_cued_motion_B28=0.500 (652s)
[krauzlis_cued_motion] update 300/313 episodes 19200 val mean BA 0.500 krauzlis_cued_motion_B12=0.500 krauzlis_cued_motion_B20=0.500 krauzlis_cued_motion_B28=0.500 (1477s)
[krauzlis_cued_motion] update 313/313 episodes 20032 val mean BA 0.500 krauzlis_cued_motion_B12=0.500 krauzlis_cued_motion_B20=0.500 krauzlis_cued_motion_B28=0.500 (1537s)
[krauzlis_cued_motion] done. test BA per cell (terminal): krauzlis_cued_motion_B12=0.500 krauzlis_cued_motion_B20=0.500 krauzlis_cued_motion_B28=0.500
ALL_DONE
